Archive member included to satisfy reference by file (symbol)

Generated_Source\PSoC6\pdl\middleware\ble\lib\cy_ble_stack_gcc_host_ipc_cm4.a(CyBleStackMgrIP_Interface.o)
                              .\CortexM4\ARM_GCC_541\Debug\host_main.o (Cy_BLE_ProcessEvents)
Generated_Source\PSoC6\pdl\middleware\ble\lib\cy_ble_stack_gcc_host_ipc_cm4.a(BT_os.o)
                              Generated_Source\PSoC6\pdl\middleware\ble\lib\cy_ble_stack_gcc_host_ipc_cm4.a(CyBleStackMgrIP_Interface.o) (cyBleStackMemoryConfig)
Generated_Source\PSoC6\pdl\middleware\ble\lib\cy_ble_stack_gcc_host_ipc_cm4.a(CyBleStackMgr_StackTaskHandler.o)
                              Generated_Source\PSoC6\pdl\middleware\ble\lib\cy_ble_stack_gcc_host_ipc_cm4.a(CyBleStackMgrIP_Interface.o) (CyBle_CreateBleStackTask)
Generated_Source\PSoC6\pdl\middleware\ble\lib\cy_ble_stack_gcc_host_ipc_cm4.a(storage_pl.o)
                              Generated_Source\PSoC6\pdl\middleware\ble\lib\cy_ble_stack_gcc_host_ipc_cm4.a(CyBleStackMgrIP_Interface.o) (storage_manager_init)
Generated_Source\PSoC6\pdl\middleware\ble\lib\cy_ble_stack_gcc_host_ipc_cm4.a(mint_os.o)
                              Generated_Source\PSoC6\pdl\middleware\ble\lib\cy_ble_stack_gcc_host_ipc_cm4.a(CyBleStackMgrIP_Interface.o) (OS_init)
Generated_Source\PSoC6\pdl\middleware\ble\lib\cy_ble_stack_gcc_host_ipc_cm4.a(mint_os_queue.o)
                              Generated_Source\PSoC6\pdl\middleware\ble\lib\cy_ble_stack_gcc_host_ipc_cm4.a(mint_os.o) (OS_TOTAL_QUEUES)
Generated_Source\PSoC6\pdl\middleware\ble\lib\cy_ble_stack_gcc_host_ipc_cm4.a(mint_os_task.o)
                              Generated_Source\PSoC6\pdl\middleware\ble\lib\cy_ble_stack_gcc_host_ipc_cm4.a(mint_os.o) (idle_func_handler)
Generated_Source\PSoC6\pdl\middleware\ble\lib\cy_ble_stack_gcc_host_ipc_cm4.a(mint_buf_mgmt.o)
                              Generated_Source\PSoC6\pdl\middleware\ble\lib\cy_ble_stack_gcc_host_ipc_cm4.a(BT_os.o) (mint_buf_mgmt_allocate_buffer)
Generated_Source\PSoC6\pdl\middleware\ble\lib\cy_ble_stack_gcc_host_ipc_cm4.a(transport_ipc.o)
                              Generated_Source\PSoC6\pdl\middleware\ble\lib\cy_ble_stack_gcc_host_ipc_cm4.a(CyBleStackMgr_StackTaskHandler.o) (CyBleHost_HciIpcFreePktBuffer)
Generated_Source\PSoC6\pdl\middleware\ble\lib\cy_ble_stack_gcc_host_ipc_cm4.a(CyBleStackMgr_PSoCIPCHal.o)
                              Generated_Source\PSoC6\pdl\middleware\ble\lib\cy_ble_stack_gcc_host_ipc_cm4.a(transport_ipc.o) (CyBleHost_IPC_HAL_InitWithStaticMem)
Generated_Source\PSoC6\pdl\middleware\ble\lib\cy_ble_stack_gcc_host_ipc_cm4.a(host_main.o)
                              Generated_Source\PSoC6\pdl\middleware\ble\lib\cy_ble_stack_gcc_host_ipc_cm4.a(CyBleStackMgrIP_Interface.o) (CyBle_HostInit)
Generated_Source\PSoC6\pdl\middleware\ble\lib\cy_ble_stack_gcc_host_ipc_cm4.a(att_api.o)
                              Generated_Source\PSoC6\pdl\middleware\ble\lib\cy_ble_stack_gcc_host_ipc_cm4.a(host_main.o) (BT_att_register)
Generated_Source\PSoC6\pdl\middleware\ble\lib\cy_ble_stack_gcc_host_ipc_cm4.a(att_init.o)
                              Generated_Source\PSoC6\pdl\middleware\ble\lib\cy_ble_stack_gcc_host_ipc_cm4.a(att_api.o) (att_connections)
Generated_Source\PSoC6\pdl\middleware\ble\lib\cy_ble_stack_gcc_host_ipc_cm4.a(att_internal.o)
                              Generated_Source\PSoC6\pdl\middleware\ble\lib\cy_ble_stack_gcc_host_ipc_cm4.a(att_api.o) (att_get_fsm_event)
Generated_Source\PSoC6\pdl\middleware\ble\lib\cy_ble_stack_gcc_host_ipc_cm4.a(BT_common.o)
                              Generated_Source\PSoC6\pdl\middleware\ble\lib\cy_ble_stack_gcc_host_ipc_cm4.a(host_main.o) (BT_bluetooth_off)
Generated_Source\PSoC6\pdl\middleware\ble\lib\cy_ble_stack_gcc_host_ipc_cm4.a(device_queue.o)
                              Generated_Source\PSoC6\pdl\middleware\ble\lib\cy_ble_stack_gcc_host_ipc_cm4.a(host_main.o) (CyBle_DeviceQueueHeapDeInit)
Generated_Source\PSoC6\pdl\middleware\ble\lib\cy_ble_stack_gcc_host_ipc_cm4.a(l2cap.o)
                              Generated_Source\PSoC6\pdl\middleware\ble\lib\cy_ble_stack_gcc_host_ipc_cm4.a(host_main.o) (CyBle_L2capCB)
Generated_Source\PSoC6\pdl\middleware\ble\lib\cy_ble_stack_gcc_host_ipc_cm4.a(l2cap_disconnect.o)
                              Generated_Source\PSoC6\pdl\middleware\ble\lib\cy_ble_stack_gcc_host_ipc_cm4.a(l2cap.o) (l2ca_disconnect_req)
Generated_Source\PSoC6\pdl\middleware\ble\lib\cy_ble_stack_gcc_host_ipc_cm4.a(l2cap_init.o)
                              Generated_Source\PSoC6\pdl\middleware\ble\lib\cy_ble_stack_gcc_host_ipc_cm4.a(l2cap_disconnect.o) (l2cap_fixed_channel)
Generated_Source\PSoC6\pdl\middleware\ble\lib\cy_ble_stack_gcc_host_ipc_cm4.a(l2cap_utils.o)
                              Generated_Source\PSoC6\pdl\middleware\ble\lib\cy_ble_stack_gcc_host_ipc_cm4.a(l2cap_disconnect.o) (l2cap_buffer_dequeue)
Generated_Source\PSoC6\pdl\middleware\ble\lib\cy_ble_stack_gcc_host_ipc_cm4.a(l2cap_lmp.o)
[...]
Memory Configuration

Name             Origin             Length             Attributes
ram              0x08024000         0x00023800         xrw
flash            0x10080000         0x00080000         xr
em_eeprom        0x14000000         0x00008000         xr
sflash_user_data 0x16000800         0x00000800         xr
sflash_nar       0x16001a00         0x00000200         xr
sflash_public_key 0x16005a00         0x00000c00         xr
sflash_toc_2     0x16007c00         0x00000200         xr
sflash_rtoc_2    0x16007e00         0x00000200         xr
xip              0x18000000         0x08000000         xr
efuse            0x90700000         0x00100000         r
*default*        0x00000000         0xffffffff

Linker script and memory map

LOAD c:/program files (x86)/cypress/psoc creator/4.3/psoc creator/import/gnu/arm/5.4.1/bin/../lib/gcc/arm-none-eabi/5.4.1/armv7e-m/softfp/crti.o
LOAD c:/program files (x86)/cypress/psoc creator/4.3/psoc creator/import/gnu/arm/5.4.1/bin/../lib/gcc/arm-none-eabi/5.4.1/armv7e-m/softfp/crtbegin.o
LOAD c:/program files (x86)/cypress/psoc creator/4.3/psoc creator/import/gnu/arm/5.4.1/bin/../lib/gcc/arm-none-eabi/5.4.1/../../../../arm-none-eabi/lib/armv7e-m/softfp/crt0.o
START GROUP
LOAD Generated_Source\PSoC6\pdl\middleware\ble\lib\cy_ble_stack_gcc_host_ipc_cm4.a
LOAD .\CortexM4\ARM_GCC_541\Debug\startup_psoc6_01_cm4.o
LOAD .\CortexM4\ARM_GCC_541\Debug\main_cm4.o
LOAD .\CortexM4\ARM_GCC_541\Debug\system_psoc6_cm4.o
LOAD .\CortexM4\ARM_GCC_541\Debug\host_main.o
LOAD .\CortexM4\ARM_GCC_541\Debug\ias.o
LOAD .\CortexM4\ARM_GCC_541\Debug\user_interface.o
LOAD .\CortexM4\ARM_GCC_541\Debug\cyfitter_sysint_cfg.o
LOAD .\CortexM4\ARM_GCC_541\Debug\cymetadata.o
LOAD .\CortexM4\ARM_GCC_541\Debug\BLE.o
LOAD .\CortexM4\ARM_GCC_541\Debug\BLE_config.o
LOAD .\CortexM4\ARM_GCC_541\Debug\BLE_ias_config.o
LOAD .\CortexM4\ARM_GCC_541\Debug\cy_efuse.o
LOAD .\CortexM4\ARM_GCC_541\Debug\cy_flash.o
LOAD .\CortexM4\ARM_GCC_541\Debug\cy_gpio.o
LOAD .\CortexM4\ARM_GCC_541\Debug\cy_ipc_drv.o
LOAD .\CortexM4\ARM_GCC_541\Debug\cy_ipc_sema.o
LOAD .\CortexM4\ARM_GCC_541\Debug\cy_ipc_pipe.o
LOAD .\CortexM4\ARM_GCC_541\Debug\cy_lvd.o
LOAD .\CortexM4\ARM_GCC_541\Debug\cy_profile.o
LOAD .\CortexM4\ARM_GCC_541\Debug\cy_prot.o
LOAD .\CortexM4\ARM_GCC_541\Debug\cy_sysanalog.o
LOAD .\CortexM4\ARM_GCC_541\Debug\cy_sysclk.o
LOAD .\CortexM4\ARM_GCC_541\Debug\cy_sysint.o
LOAD .\CortexM4\ARM_GCC_541\Debug\cy_syslib.o
LOAD .\CortexM4\ARM_GCC_541\Debug\cy_syslib_gcc.o
LOAD .\CortexM4\ARM_GCC_541\Debug\cy_syspm.o
LOAD .\CortexM4\ARM_GCC_541\Debug\cy_systick.o
LOAD .\CortexM4\ARM_GCC_541\Debug\cy_trigmux.o
LOAD .\CortexM4\ARM_GCC_541\Debug\cy_wdt.o
LOAD .\CortexM4\ARM_GCC_541\Debug\cy_device.o
LOAD .\CortexM4\ARM_GCC_541\Debug\cy_ble.o
LOAD .\CortexM4\ARM_GCC_541\Debug\cy_ble_hal_int.o
LOAD .\CortexM4\ARM_GCC_541\Debug\cy_ble_hal_pvt.o
LOAD .\CortexM4\ARM_GCC_541\Debug\cy_ble_gap.o
LOAD .\CortexM4\ARM_GCC_541\Debug\cy_ble_gatt.o
LOAD .\CortexM4\ARM_GCC_541\Debug\cy_ble_event_handler.o
LOAD .\CortexM4\ARM_GCC_541\Debug\cy_ble_ancs.o
LOAD .\CortexM4\ARM_GCC_541\Debug\cy_ble_ans.o
LOAD .\CortexM4\ARM_GCC_541\Debug\cy_ble_aios.o
LOAD .\CortexM4\ARM_GCC_541\Debug\cy_ble_bas.o
LOAD .\CortexM4\ARM_GCC_541\Debug\cy_ble_bcs.o
LOAD .\CortexM4\ARM_GCC_541\Debug\cy_ble_bls.o
LOAD .\CortexM4\ARM_GCC_541\Debug\cy_ble_bms.o
LOAD .\CortexM4\ARM_GCC_541\Debug\cy_ble_bts.o
LOAD .\CortexM4\ARM_GCC_541\Debug\cy_ble_cgms.o
LOAD .\CortexM4\ARM_GCC_541\Debug\cy_ble_cps.o
LOAD .\CortexM4\ARM_GCC_541\Debug\cy_ble_cscs.o
LOAD .\CortexM4\ARM_GCC_541\Debug\cy_ble_cts.o
LOAD .\CortexM4\ARM_GCC_541\Debug\cy_ble_custom.o
LOAD .\CortexM4\ARM_GCC_541\Debug\cy_ble_dis.o
LOAD .\CortexM4\ARM_GCC_541\Debug\cy_ble_ess.o
LOAD .\CortexM4\ARM_GCC_541\Debug\cy_ble_gls.o
LOAD .\CortexM4\ARM_GCC_541\Debug\cy_ble_hids.o
LOAD .\CortexM4\ARM_GCC_541\Debug\cy_ble_hps.o
LOAD .\CortexM4\ARM_GCC_541\Debug\cy_ble_hrs.o
LOAD .\CortexM4\ARM_GCC_541\Debug\cy_ble_hts.o
LOAD .\CortexM4\ARM_GCC_541\Debug\cy_ble_ias.o
LOAD .\CortexM4\ARM_GCC_541\Debug\cy_ble_ips.o
LOAD .\CortexM4\ARM_GCC_541\Debug\cy_ble_lls.o
LOAD .\CortexM4\ARM_GCC_541\Debug\cy_ble_lns.o
LOAD .\CortexM4\ARM_GCC_541\Debug\cy_ble_ndcs.o
LOAD .\CortexM4\ARM_GCC_541\Debug\cy_ble_plxs.o
LOAD .\CortexM4\ARM_GCC_541\Debug\cy_ble_pass.o
LOAD .\CortexM4\ARM_GCC_541\Debug\cy_ble_rscs.o
LOAD .\CortexM4\ARM_GCC_541\Debug\cy_ble_rtus.o
LOAD .\CortexM4\ARM_GCC_541\Debug\cy_ble_scps.o
LOAD .\CortexM4\ARM_GCC_541\Debug\cy_ble_tps.o
LOAD .\CortexM4\ARM_GCC_541\Debug\cy_ble_uds.o
LOAD .\CortexM4\ARM_GCC_541\Debug\cy_ble_wpts.o
LOAD .\CortexM4\ARM_GCC_541\Debug\cy_ble_wss.o
LOAD .\CortexM4\ARM_GCC_541\Debug\cy_ble_clk.o
END GROUP
START GROUP
LOAD c:/program files (x86)/cypress/psoc creator/4.3/psoc creator/import/gnu/arm/5.4.1/bin/../lib/gcc/arm-none-eabi/5.4.1/armv7e-m/softfp\libgcc.a
LOAD c:/program files (x86)/cypress/psoc creator/4.3/psoc creator/import/gnu/arm/5.4.1/bin/../lib/gcc/arm-none-eabi/5.4.1/../../../../arm-none-eabi/lib/armv7e-m/softfp\libg_nano.a
LOAD c:/program files (x86)/cypress/psoc creator/4.3/psoc creator/import/gnu/arm/5.4.1/bin/../lib/gcc/arm-none-eabi/5.4.1/../../../../arm-none-eabi/lib/armv7e-m/softfp\libc_nano.a
END GROUP
START GROUP
LOAD c:/program files (x86)/cypress/psoc creator/4.3/psoc creator/import/gnu/arm/5.4.1/bin/../lib/gcc/arm-none-eabi/5.4.1/armv7e-m/softfp\libgcc.a
LOAD c:/program files (x86)/cypress/psoc creator/4.3/psoc creator/import/gnu/arm/5.4.1/bin/../lib/gcc/arm-none-eabi/5.4.1/../../../../arm-none-eabi/lib/armv7e-m/softfp\libc_nano.a
END GROUP
LOAD c:/program files (x86)/cypress/psoc creator/4.3/psoc creator/import/gnu/arm/5.4.1/bin/../lib/gcc/arm-none-eabi/5.4.1/armv7e-m/softfp/crtend.o
LOAD c:/program files (x86)/cypress/psoc creator/4.3/psoc creator/import/gnu/arm/5.4.1/bin/../lib/gcc/arm-none-eabi/5.4.1/armv7e-m/softfp/crtn.o
START GROUP
LOAD c:/program files (x86)/cypress/psoc creator/4.3/psoc creator/import/gnu/arm/5.4.1/bin/../lib/gcc/arm-none-eabi/5.4.1/armv7e-m/softfp\libgcc.a
LOAD c:/program files (x86)/cypress/psoc creator/4.3/psoc creator/import/gnu/arm/5.4.1/bin/../lib/gcc/arm-none-eabi/5.4.1/../../../../arm-none-eabi/lib/armv7e-m/softfp\libc.a
LOAD c:/program files (x86)/cypress/psoc creator/4.3/psoc creator/import/gnu/arm/5.4.1/bin/../lib/gcc/arm-none-eabi/5.4.1/../../../../arm-none-eabi/lib/armv7e-m/softfp\libnosys.a
END GROUP
START GROUP
LOAD c:/program files (x86)/cypress/psoc creator/4.3/psoc creator/import/gnu/arm/5.4.1/bin/../lib/gcc/arm-none-eabi/5.4.1/armv7e-m/softfp\libgcc.a
LOAD c:/program files (x86)/cypress/psoc creator/4.3/psoc creator/import/gnu/arm/5.4.1/bin/../lib/gcc/arm-none-eabi/5.4.1/../../../../arm-none-eabi/lib/armv7e-m/softfp\libc.a
LOAD c:/program files (x86)/cypress/psoc creator/4.3/psoc creator/import/gnu/arm/5.4.1/bin/../lib/gcc/arm-none-eabi/5.4.1/../../../../arm-none-eabi/lib/armv7e-m/softfp\libm.a
LOAD c:/program files (x86)/cypress/psoc creator/4.3/psoc creator/import/gnu/arm/5.4.1/bin/../lib/gcc/arm-none-eabi/5.4.1/../../../../arm-none-eabi/lib/armv7e-m/softfp\libnosys.a
END GROUP

.text           0x10080000     0x30bc
                0x10080000                . = ALIGN (0x4)
                0x10080000                __Vectors = .
 *(.vectors)
 .vectors       0x10080000      0x28c .\CortexM4\ARM_GCC_541\Debug\startup_psoc6_01_cm4.o
                0x1008028c                . = ALIGN (0x4)
                0x1008028c                __Vectors_End = .
                0x0000028c                __Vectors_Size = (__Vectors_End - __Vectors)
                0x1008028c                __end__ = .
                0x1008028c                . = ALIGN (0x4)
 *(.text*)
 .text          0x1008028c       0x5c c:/program files (x86)/cypress/psoc creator/4.3/psoc creator/import/gnu/arm/5.4.1/bin/../lib/gcc/arm-none-eabi/5.4.1/armv7e-m/softfp/crtbegin.o
 .text          0x100802e8       0x84 .\CortexM4\ARM_GCC_541\Debug\startup_psoc6_01_cm4.o
                0x100802e8                Cy_OnResetUser
                0x100802ea                Reset_Handler
                0x1008034c                cpuss_interrupts_ipc_6_IRQHandler
                0x1008034c                DebugMon_Handler
                0x1008034c                tcpwm_1_interrupts_11_IRQHandler
                0x1008034c                cpuss_interrupts_ipc_0_IRQHandler
                0x1008034c                tcpwm_1_interrupts_15_IRQHandler
                0x1008034c                ioss_interrupts_gpio_13_IRQHandler
                0x1008034c                tcpwm_1_interrupts_13_IRQHandler
                0x1008034c                cpuss_interrupts_dw1_8_IRQHandler
                0x1008034c                tcpwm_0_interrupts_0_IRQHandler
                0x1008034c                SysTick_Handler
                0x1008034c                cpuss_interrupt_fm_IRQHandler
                0x1008034c                cpuss_interrupts_ipc_7_IRQHandler
                0x1008034c                tcpwm_1_interrupts_14_IRQHandler
                0x1008034c                cpuss_interrupts_dw0_5_IRQHandler
                0x1008034c                tcpwm_1_interrupts_9_IRQHandler
                0x1008034c                cpuss_interrupts_cm0_cti_1_IRQHandler
                0x1008034c                tcpwm_1_interrupts_22_IRQHandler
                0x1008034c                cpuss_interrupts_dw0_4_IRQHandler
                0x1008034c                PendSV_Handler
                0x1008034c                NMI_Handler
                0x1008034c                cpuss_interrupts_dw1_12_IRQHandler
                0x1008034c                tcpwm_1_interrupts_12_IRQHandler
                0x1008034c                smif_interrupt_IRQHandler
                0x1008034c                tcpwm_1_interrupts_2_IRQHandler
                0x1008034c                cpuss_interrupts_ipc_13_IRQHandler
                0x1008034c                udb_interrupts_11_IRQHandler
                0x1008034c                tcpwm_1_interrupts_18_IRQHandler
                0x1008034c                cpuss_interrupts_dw0_11_IRQHandler
                0x1008034c                tcpwm_0_interrupts_2_IRQHandler
                0x1008034c                cpuss_interrupts_dw0_13_IRQHandler
                0x1008034c                udb_interrupts_2_IRQHandler
                0x1008034c                cpuss_interrupts_dw1_7_IRQHandler
                0x1008034c                ioss_interrupts_gpio_1_IRQHandler
                0x1008034c                ioss_interrupts_gpio_7_IRQHandler
                0x1008034c                scb_5_interrupt_IRQHandler
                0x1008034c                udb_interrupts_6_IRQHandler
                0x1008034c                cpuss_interrupts_fault_1_IRQHandler
                0x1008034c                cpuss_interrupts_ipc_4_IRQHandler
                0x1008034c                cpuss_interrupts_ipc_5_IRQHandler
                0x1008034c                cpuss_interrupts_dw1_10_IRQHandler
                0x1008034c                udb_interrupts_0_IRQHandler
                0x1008034c                tcpwm_1_interrupts_6_IRQHandler
                0x1008034c                scb_4_interrupt_IRQHandler
                0x1008034c                pass_interrupt_dacs_IRQHandler
                0x1008034c                ioss_interrupts_gpio_2_IRQHandler
                0x1008034c                cpuss_interrupts_dw1_9_IRQHandler
                0x1008034c                cpuss_interrupts_dw1_13_IRQHandler
                0x1008034c                scb_2_interrupt_IRQHandler
                0x1008034c                cpuss_interrupts_cm0_cti_0_IRQHandler
                0x1008034c                udb_interrupts_5_IRQHandler
                0x1008034c                srss_interrupt_IRQHandler
                0x1008034c                udb_interrupts_12_IRQHandler
                0x1008034c                scb_0_interrupt_IRQHandler
                0x1008034c                csd_interrupt_IRQHandler
                0x1008034c                udb_interrupts_1_IRQHandler
                0x1008034c                profile_interrupt_IRQHandler
                0x1008034c                tcpwm_1_interrupts_1_IRQHandler
                0x1008034c                cpuss_interrupts_ipc_12_IRQHandler
                0x1008034c                tcpwm_1_interrupts_3_IRQHandler
                0x1008034c                tcpwm_0_interrupts_7_IRQHandler
                0x1008034c                cpuss_interrupts_dw1_1_IRQHandler
                0x1008034c                cpuss_interrupts_dw1_0_IRQHandler
                0x1008034c                cpuss_interrupts_dw0_9_IRQHandler
                0x1008034c                lpcomp_interrupt_IRQHandler
                0x1008034c                tcpwm_1_interrupts_23_IRQHandler
                0x1008034c                udb_interrupts_4_IRQHandler
                0x1008034c                tcpwm_1_interrupts_20_IRQHandler
                0x1008034c                ioss_interrupt_gpio_IRQHandler
                0x1008034c                tcpwm_0_interrupts_1_IRQHandler
                0x1008034c                ioss_interrupts_gpio_8_IRQHandler
                0x1008034c                tcpwm_0_interrupts_6_IRQHandler
                0x1008034c                scb_7_interrupt_IRQHandler
                0x1008034c                tcpwm_1_interrupts_7_IRQHandler
                0x1008034c                cpuss_interrupts_ipc_11_IRQHandler
                0x1008034c                udb_interrupts_13_IRQHandler
                0x1008034c                cpuss_interrupts_dw0_15_IRQHandler
                0x1008034c                udb_interrupts_7_IRQHandler
                0x1008034c                cpuss_interrupts_dw1_6_IRQHandler
                0x1008034c                cpuss_interrupt_crypto_IRQHandler
                0x1008034c                scb_1_interrupt_IRQHandler
                0x1008034c                Default_Handler
                0x1008034c                usb_interrupt_hi_IRQHandler
                0x1008034c                tcpwm_1_interrupts_0_IRQHandler
                0x1008034c                udb_interrupts_9_IRQHandler
                0x1008034c                audioss_interrupt_pdm_IRQHandler
                0x1008034c                srss_interrupt_mcwdt_0_IRQHandler
                0x1008034c                scb_3_interrupt_IRQHandler
                0x1008034c                pass_interrupt_ctbs_IRQHandler
                0x1008034c                udb_interrupts_8_IRQHandler
                0x1008034c                ioss_interrupts_gpio_3_IRQHandler
                0x1008034c                scb_6_interrupt_IRQHandler
                0x1008034c                cpuss_interrupts_cm4_cti_0_IRQHandler
                0x1008034c                cpuss_interrupts_dw1_3_IRQHandler
                0x1008034c                pass_interrupt_sar_IRQHandler
                0x1008034c                ioss_interrupts_gpio_0_IRQHandler
                0x1008034c                ioss_interrupts_gpio_14_IRQHandler
                0x1008034c                tcpwm_0_interrupts_4_IRQHandler
                0x1008034c                udb_interrupts_3_IRQHandler
                0x1008034c                tcpwm_0_interrupts_5_IRQHandler
                0x1008034c                cpuss_interrupts_ipc_15_IRQHandler
                0x1008034c                cpuss_interrupts_cm4_cti_1_IRQHandler
                0x1008034c                scb_8_interrupt_IRQHandler
                0x1008034c                srss_interrupt_mcwdt_1_IRQHandler
                0x1008034c                cpuss_interrupts_dw1_2_IRQHandler
                0x1008034c                SVC_Handler
                0x1008034c                cpuss_interrupts_dw1_5_IRQHandler
                0x1008034c                cpuss_interrupts_ipc_1_IRQHandler
                0x1008034c                cpuss_interrupts_dw0_0_IRQHandler
                0x1008034c                ioss_interrupts_gpio_12_IRQHandler
                0x1008034c                cpuss_interrupts_ipc_3_IRQHandler
                0x1008034c                tcpwm_1_interrupts_17_IRQHandler
                0x1008034c                srss_interrupt_backup_IRQHandler
                0x1008034c                bless_interrupt_IRQHandler
                0x1008034c                cpuss_interrupts_ipc_10_IRQHandler
                0x1008034c                cpuss_interrupts_ipc_9_IRQHandler
                0x1008034c                cpuss_interrupts_dw0_14_IRQHandler
                0x1008034c                tcpwm_1_interrupts_4_IRQHandler
                0x1008034c                tcpwm_0_interrupts_3_IRQHandler
                0x1008034c                cpuss_interrupts_dw1_15_IRQHandler
                0x1008034c                ioss_interrupts_gpio_10_IRQHandler
                0x1008034c                udb_interrupts_10_IRQHandler
                0x1008034c                cpuss_interrupts_dw0_8_IRQHandler
                0x1008034c                ioss_interrupts_gpio_11_IRQHandler
                0x1008034c                cpuss_interrupts_ipc_14_IRQHandler
                0x1008034c                ioss_interrupts_gpio_5_IRQHandler
                0x1008034c                ioss_interrupts_gpio_4_IRQHandler
                0x1008034c                tcpwm_1_interrupts_8_IRQHandler
                0x1008034c                cpuss_interrupts_dw1_14_IRQHandler
                0x1008034c                usb_interrupt_med_IRQHandler
                0x1008034c                cpuss_interrupts_dw0_2_IRQHandler
                0x1008034c                tcpwm_1_interrupts_10_IRQHandler
                0x1008034c                cpuss_interrupts_fault_0_IRQHandler
                0x1008034c                cpuss_interrupts_dw0_12_IRQHandler
                0x1008034c                ioss_interrupts_gpio_6_IRQHandler
                0x1008034c                tcpwm_1_interrupts_21_IRQHandler
                0x1008034c                tcpwm_1_interrupts_16_IRQHandler
                0x1008034c                cpuss_interrupts_dw1_4_IRQHandler
                0x1008034c                udb_interrupts_15_IRQHandler
                0x1008034c                cpuss_interrupts_dw1_11_IRQHandler
                0x1008034c                cpuss_interrupts_dw0_6_IRQHandler
                0x1008034c                ioss_interrupt_vdd_IRQHandler
                0x1008034c                cpuss_interrupts_dw0_7_IRQHandler
                0x1008034c                audioss_interrupt_i2s_IRQHandler
                0x1008034c                tcpwm_1_interrupts_5_IRQHandler
                0x1008034c                cpuss_interrupts_ipc_2_IRQHandler
                0x1008034c                cpuss_interrupts_dw0_10_IRQHandler
                0x1008034c                tcpwm_1_interrupts_19_IRQHandler
                0x1008034c                cpuss_interrupts_dw0_1_IRQHandler
                0x1008034c                ioss_interrupts_gpio_9_IRQHandler
                0x1008034c                usb_interrupt_lo_IRQHandler
                0x1008034c                cpuss_interrupts_ipc_8_IRQHandler
                0x1008034c                udb_interrupts_14_IRQHandler
                0x1008034c                cpuss_interrupts_dw0_3_IRQHandler
                0x10080350                UsageFault_Handler
                0x10080350                HardFault_Handler
                0x10080350                MemManage_Handler
                0x10080350                BusFault_Handler
 .text.main     0x1008036c       0x20 .\CortexM4\ARM_GCC_541\Debug\main_cm4.o
                0x1008036c                main
 .text.Cy_SysIpcPipeIsrCm4
                0x1008038c        0xc .\CortexM4\ARM_GCC_541\Debug\system_psoc6_cm4.o
                0x1008038c                Cy_SysIpcPipeIsrCm4
 .text.Cy_SystemInit
                0x10080398        0x4 .\CortexM4\ARM_GCC_541\Debug\system_psoc6_cm4.o
                0x10080398                Cy_SystemInit
 .text.SystemCoreClockUpdate
                0x1008039c      0x190 .\CortexM4\ARM_GCC_541\Debug\system_psoc6_cm4.o
                0x1008039c                SystemCoreClockUpdate
 .text.SystemInit
                0x1008052c       0x48 .\CortexM4\ARM_GCC_541\Debug\system_psoc6_cm4.o
                0x1008052c                SystemInit
 .text.Cy_SystemInitFpuEnable
                0x10080574       0x28 .\CortexM4\ARM_GCC_541\Debug\system_psoc6_cm4.o
                0x10080574                Cy_SystemInitFpuEnable
 .text.AppCallBack
                0x1008059c      0x10c .\CortexM4\ARM_GCC_541\Debug\host_main.o
                0x1008059c                AppCallBack
 .text.LowPowerImplementation
                0x100806a8        0xc .\CortexM4\ARM_GCC_541\Debug\host_main.o
                0x100806a8                LowPowerImplementation
 .text.HostMain
                0x100806b4       0x68 .\CortexM4\ARM_GCC_541\Debug\host_main.o
                0x100806b4                HostMain
 .text.IasEventHandler
                0x1008071c       0x1c .\CortexM4\ARM_GCC_541\Debug\ias.o
                0x1008071c                IasEventHandler
 .text.IasInit  0x10080738       0x10 .\CortexM4\ARM_GCC_541\Debug\ias.o
                0x10080738                IasInit
 .text.IasSetAlertLevel
                0x10080748        0xc .\CortexM4\ARM_GCC_541\Debug\ias.o
                0x10080748                IasSetAlertLevel
 .text.IasGetAlertLevel
                0x10080754        0xc .\CortexM4\ARM_GCC_541\Debug\ias.o
                0x10080754                IasGetAlertLevel
 .text.InitUserInterface
                0x10080760       0x28 .\CortexM4\ARM_GCC_541\Debug\user_interface.o
                0x10080760                InitUserInterface
 .text.UpdateLedState
                0x10080788       0x68 .\CortexM4\ARM_GCC_541\Debug\user_interface.o
                0x10080788                UpdateLedState
 .text.Cy_BLE_Start
                0x100807f0       0x38 .\CortexM4\ARM_GCC_541\Debug\BLE.o
                0x100807f0                Cy_BLE_Start
 .text.Cy_BLE_Stop
                0x10080828        0x8 .\CortexM4\ARM_GCC_541\Debug\BLE.o
                0x10080828                Cy_BLE_Stop
 .text.Cy_Flash_ProcessOpcode
                0x10080830       0xac .\CortexM4\ARM_GCC_541\Debug\cy_flash.o
 .text.Cy_Flash_OperationStatus
                0x100808dc       0x5c .\CortexM4\ARM_GCC_541\Debug\cy_flash.o
 .text.Cy_Flash_InitExt
                0x10080938       0x80 .\CortexM4\ARM_GCC_541\Debug\cy_flash.o
                0x10080938                Cy_Flash_InitExt
 .text.Cy_Flash_Init
                0x100809b8       0x10 .\CortexM4\ARM_GCC_541\Debug\cy_flash.o
                0x100809b8                Cy_Flash_Init
 .text.Cy_IPC_Drv_LockRelease
                0x100809c8       0x3c .\CortexM4\ARM_GCC_541\Debug\cy_ipc_drv.o
                0x100809c8                Cy_IPC_Drv_LockRelease
 .text.Cy_IPC_Drv_SendMsgWord
                0x10080a04       0x3c .\CortexM4\ARM_GCC_541\Debug\cy_ipc_drv.o
                0x10080a04                Cy_IPC_Drv_SendMsgWord
 .text.Cy_IPC_Drv_ReadMsgWord
                0x10080a40       0x38 .\CortexM4\ARM_GCC_541\Debug\cy_ipc_drv.o
                0x10080a40                Cy_IPC_Drv_ReadMsgWord
 .text.Cy_IPC_Sema_InitExt
                0x10080a78       0xac .\CortexM4\ARM_GCC_541\Debug\cy_ipc_sema.o
                0x10080a78                Cy_IPC_Sema_InitExt
 .text.Cy_IPC_Sema_Init
                0x10080b24       0x64 .\CortexM4\ARM_GCC_541\Debug\cy_ipc_sema.o
                0x10080b24                Cy_IPC_Sema_Init
 .text.Cy_IPC_Sema_Clear
                0x10080b88       0x88 .\CortexM4\ARM_GCC_541\Debug\cy_ipc_sema.o
                0x10080b88                Cy_IPC_Sema_Clear
 .text.Cy_IPC_Sema_Status
                0x10080c10       0x40 .\CortexM4\ARM_GCC_541\Debug\cy_ipc_sema.o
                0x10080c10                Cy_IPC_Sema_Status
 .text.Cy_IPC_Pipe_Config
                0x10080c50       0x10 .\CortexM4\ARM_GCC_541\Debug\cy_ipc_pipe.o
                0x10080c50                Cy_IPC_Pipe_Config
 .text.Cy_IPC_Pipe_EndpointInit
                0x10080c60       0xd0 .\CortexM4\ARM_GCC_541\Debug\cy_ipc_pipe.o
                0x10080c60                Cy_IPC_Pipe_EndpointInit
 .text.Cy_IPC_Pipe_Init
                0x10080d30       0xb4 .\CortexM4\ARM_GCC_541\Debug\cy_ipc_pipe.o
                0x10080d30                Cy_IPC_Pipe_Init
 .text.Cy_IPC_Pipe_SendMessage
                0x10080de4       0xa4 .\CortexM4\ARM_GCC_541\Debug\cy_ipc_pipe.o
                0x10080de4                Cy_IPC_Pipe_SendMessage
 .text.Cy_IPC_Pipe_RegisterCallback
                0x10080e88       0x50 .\CortexM4\ARM_GCC_541\Debug\cy_ipc_pipe.o
                0x10080e88                Cy_IPC_Pipe_RegisterCallback
 .text.Cy_IPC_Pipe_RegisterCallbackRel
                0x10080ed8       0x2c .\CortexM4\ARM_GCC_541\Debug\cy_ipc_pipe.o
                0x10080ed8                Cy_IPC_Pipe_RegisterCallbackRel
 .text.Cy_IPC_Pipe_ExecCallback
                0x10080f04       0xbc .\CortexM4\ARM_GCC_541\Debug\cy_ipc_pipe.o
                0x10080f04                Cy_IPC_Pipe_ExecCallback
 .text.Cy_IPC_Pipe_ExecuteCallback
                0x10080fc0       0x2c .\CortexM4\ARM_GCC_541\Debug\cy_ipc_pipe.o
                0x10080fc0                Cy_IPC_Pipe_ExecuteCallback
 .text.Cy_IPC_Pipe_EndpointPause
                0x10080fec       0x54 .\CortexM4\ARM_GCC_541\Debug\cy_ipc_pipe.o
                0x10080fec                Cy_IPC_Pipe_EndpointPause
 .text.Cy_IPC_Pipe_EndpointResume
                0x10081040       0x48 .\CortexM4\ARM_GCC_541\Debug\cy_ipc_pipe.o
                0x10081040                Cy_IPC_Pipe_EndpointResume
 .text.Cy_SysInt_SetVector
                0x10081088       0x48 .\CortexM4\ARM_GCC_541\Debug\cy_sysint.o
                0x10081088                Cy_SysInt_SetVector
 .text.Cy_SysInt_Init
                0x100810d0       0x74 .\CortexM4\ARM_GCC_541\Debug\cy_sysint.o
                0x100810d0                Cy_SysInt_Init
 .text.Cy_SysLib_Delay
                0x10081144       0x30 .\CortexM4\ARM_GCC_541\Debug\cy_syslib.o
                0x10081144                Cy_SysLib_Delay
 .text.Cy_SysLib_Halt
                0x10081174        0x4 .\CortexM4\ARM_GCC_541\Debug\cy_syslib.o
                0x10081174                Cy_SysLib_Halt
 .text.Cy_SysLib_AssertFailed
                0x10081178       0x1c .\CortexM4\ARM_GCC_541\Debug\cy_syslib.o
                0x10081178                Cy_SysLib_AssertFailed
 .text.Cy_SysLib_ProcessingFault
                0x10081194        0x4 .\CortexM4\ARM_GCC_541\Debug\cy_syslib.o
                0x10081194                Cy_SysLib_ProcessingFault
 .text.Cy_SysLib_FaultHandler
                0x10081198       0xa4 .\CortexM4\ARM_GCC_541\Debug\cy_syslib.o
                0x10081198                Cy_SysLib_FaultHandler
 *fill*         0x1008123c        0x4 
 .text          0x10081240       0x20 .\CortexM4\ARM_GCC_541\Debug\cy_syslib_gcc.o
                0x10081240                Cy_SysLib_DelayCycles
                0x10081252                Cy_SysLib_EnterCriticalSection
                0x1008125a                Cy_SysLib_ExitCriticalSection
 .text.Cy_SysPm_SetHibernateWakeupSource
                0x10081260       0x68 .\CortexM4\ARM_GCC_541\Debug\cy_syspm.o
                0x10081260                Cy_SysPm_SetHibernateWakeupSource
 .text.Cy_SysPm_RegisterCallback
                0x100812c8       0x5c .\CortexM4\ARM_GCC_541\Debug\cy_syspm.o
                0x100812c8                Cy_SysPm_RegisterCallback
 .text.Cy_SysPm_UnregisterCallback
                0x10081324       0x68 .\CortexM4\ARM_GCC_541\Debug\cy_syspm.o
                0x10081324                Cy_SysPm_UnregisterCallback
 .text.Cy_SysPm_ExecuteCallback
                0x1008138c       0xc8 .\CortexM4\ARM_GCC_541\Debug\cy_syspm.o
                0x1008138c                Cy_SysPm_ExecuteCallback
 .text.Cy_SysPm_SystemEnterHibernate
                0x10081454       0x74 .\CortexM4\ARM_GCC_541\Debug\cy_syspm.o
                0x10081454                Cy_SysPm_SystemEnterHibernate
 .text.Cy_SysPm_IoUnfreeze
                0x100814c8       0x2c .\CortexM4\ARM_GCC_541\Debug\cy_syspm.o
                0x100814c8                Cy_SysPm_IoUnfreeze
 .text.Cy_SysPm_SaveRegisters
                0x100814f4       0x70 .\CortexM4\ARM_GCC_541\Debug\cy_syspm.o
                0x100814f4                Cy_SysPm_SaveRegisters
 .text.Cy_SysPm_RestoreRegisters
                0x10081564       0x70 .\CortexM4\ARM_GCC_541\Debug\cy_syspm.o
                0x10081564                Cy_SysPm_RestoreRegisters
 .text.Cy_SysPm_CpuEnterDeepSleep
                0x100815d4      0x110 .\CortexM4\ARM_GCC_541\Debug\cy_syspm.o
                0x100815d4                Cy_SysPm_CpuEnterDeepSleep
 .text.Cy_PDL_Init
                0x100816e4        0xc .\CortexM4\ARM_GCC_541\Debug\cy_device.o
                0x100816e4                Cy_PDL_Init
 .text.Cy_BLE_DeepSleepCallback
                0x100816f0       0x88 .\CortexM4\ARM_GCC_541\Debug\cy_ble.o
                0x100816f0                Cy_BLE_DeepSleepCallback
 .text.Cy_BLE_SleepCallback
                0x10081778       0x64 .\CortexM4\ARM_GCC_541\Debug\cy_ble.o
                0x10081778                Cy_BLE_SleepCallback
 .text.Cy_BLE_UnregisterHostPMCallbacks
                0x100817dc       0x18 .\CortexM4\ARM_GCC_541\Debug\cy_ble.o
                0x100817dc                Cy_BLE_UnregisterHostPMCallbacks
 .text.Cy_BLE_Init
                0x100817f4       0x44 .\CortexM4\ARM_GCC_541\Debug\cy_ble.o
                0x100817f4                Cy_BLE_Init
 .text.Cy_BLE_Enable
                0x10081838      0x118 .\CortexM4\ARM_GCC_541\Debug\cy_ble.o
                0x10081838                Cy_BLE_Enable
 .text.Cy_BLE_Disable
                0x10081950        0x8 .\CortexM4\ARM_GCC_541\Debug\cy_ble.o
                0x10081950                Cy_BLE_Disable
 .text.Cy_BLE_IPC_HostMsgFlushRecvCallBack
                0x10081958       0x1c .\CortexM4\ARM_GCC_541\Debug\cy_ble_hal_pvt.o
 .text.Cy_BLE_IPC_HostMsgRecvCallBack
                0x10081974       0x1c .\CortexM4\ARM_GCC_541\Debug\cy_ble_hal_pvt.o
 .text.Cy_BLE_HAL_BlockCalcCRC8
                0x10081990       0x34 .\CortexM4\ARM_GCC_541\Debug\cy_ble_hal_pvt.o
                0x10081990                Cy_BLE_HAL_BlockCalcCRC8
 .text.Cy_BLE_HAL_EnterCriticalSection
                0x100819c4        0x8 .\CortexM4\ARM_GCC_541\Debug\cy_ble_hal_pvt.o
                0x100819c4                Cy_BLE_HAL_EnterCriticalSection
 .text.Cy_BLE_HAL_ExitCriticalSection
                0x100819cc        0x8 .\CortexM4\ARM_GCC_541\Debug\cy_ble_hal_pvt.o
                0x100819cc                Cy_BLE_HAL_ExitCriticalSection
 .text.Cy_BLE_HAL_EnableHostIpcPipeInterrupt
                0x100819d4        0xc .\CortexM4\ARM_GCC_541\Debug\cy_ble_hal_pvt.o
                0x100819d4                Cy_BLE_HAL_EnableHostIpcPipeInterrupt
 .text.Cy_BLE_HAL_DisableHostIpcPipeInterrupt
                0x100819e0        0xc .\CortexM4\ARM_GCC_541\Debug\cy_ble_hal_pvt.o
                0x100819e0                Cy_BLE_HAL_DisableHostIpcPipeInterrupt
 .text.Cy_BLE_IPC_HostRegisterClientCallbacks
                0x100819ec       0x34 .\CortexM4\ARM_GCC_541\Debug\cy_ble_hal_pvt.o
                0x100819ec                Cy_BLE_IPC_HostRegisterClientCallbacks
 .text.Cy_BLE_IPC_SendMessageToController
                0x10081a20       0x20 .\CortexM4\ARM_GCC_541\Debug\cy_ble_hal_pvt.o
                0x10081a20                Cy_BLE_IPC_SendMessageToController
 .text.Cy_BLE_HAL_EccHeapInit
                0x10081a40        0x4 .\CortexM4\ARM_GCC_541\Debug\cy_ble_hal_pvt.o
                0x10081a40                Cy_BLE_HAL_EccHeapInit
 .text.Cy_BLE_HAL_EccHeapDeInit
                0x10081a44        0x4 .\CortexM4\ARM_GCC_541\Debug\cy_ble_hal_pvt.o
                0x10081a44                Cy_BLE_HAL_EccHeapDeInit
 .text.Cy_BLE_HAL_EccGetFeatureHeapReq
                0x10081a48        0x4 .\CortexM4\ARM_GCC_541\Debug\cy_ble_hal_pvt.o
                0x10081a48                Cy_BLE_HAL_EccGetFeatureHeapReq
 .text.Cy_BLE_HAL_PairingLocalPublicKeyHandler
                0x10081a4c        0x8 .\CortexM4\ARM_GCC_541\Debug\cy_ble_hal_pvt.o
                0x10081a4c                Cy_BLE_HAL_PairingLocalPublicKeyHandler
 .text.Cy_BLE_HAL_PairingRemoteKeyHandler
                0x10081a54        0x8 .\CortexM4\ARM_GCC_541\Debug\cy_ble_hal_pvt.o
                0x10081a54                Cy_BLE_HAL_PairingRemoteKeyHandler
 .text.Cy_BLE_HAL_PairingDhkeyHandler
                0x10081a5c        0x8 .\CortexM4\ARM_GCC_541\Debug\cy_ble_hal_pvt.o
                0x10081a5c                Cy_BLE_HAL_PairingDhkeyHandler
 .text.Cy_BLE_HAL_PairingDhkeyCheckHandler
                0x10081a64        0x8 .\CortexM4\ARM_GCC_541\Debug\cy_ble_hal_pvt.o
                0x10081a64                Cy_BLE_HAL_PairingDhkeyCheckHandler
 .text.Cy_BLE_HAL_PairingKeypressNotificationHandler
                0x10081a6c        0x8 .\CortexM4\ARM_GCC_541\Debug\cy_ble_hal_pvt.o
                0x10081a6c                Cy_BLE_HAL_PairingKeypressNotificationHandler
 .text.Cy_BLE_HAL_PairingRandHandler
                0x10081a74        0x8 .\CortexM4\ARM_GCC_541\Debug\cy_ble_hal_pvt.o
                0x10081a74                Cy_BLE_HAL_PairingRandHandler
 .text.Cy_BLE_HAL_PairingConfirmHandler
                0x10081a7c        0x8 .\CortexM4\ARM_GCC_541\Debug\cy_ble_hal_pvt.o
                0x10081a7c                Cy_BLE_HAL_PairingConfirmHandler
 .text.Cy_BLE_HAL_PairingLrConfirmingHandler
                0x10081a84        0x8 .\CortexM4\ARM_GCC_541\Debug\cy_ble_hal_pvt.o
                0x10081a84                Cy_BLE_HAL_PairingLrConfirmingHandler
 .text.Cy_BLE_HAL_PairingScTbxLocalPubkeyGenerateComplete
                0x10081a8c        0x8 .\CortexM4\ARM_GCC_541\Debug\cy_ble_hal_pvt.o
                0x10081a8c                Cy_BLE_HAL_PairingScTbxLocalPubkeyGenerateComplete
 .text.Cy_BLE_HAL_PairingScTbxGenerateLocalP256PublicKey
                0x10081a94        0x8 .\CortexM4\ARM_GCC_541\Debug\cy_ble_hal_pvt.o
                0x10081a94                Cy_BLE_HAL_PairingScTbxGenerateLocalP256PublicKey
 .text.Cy_BLE_HAL_SeSmpScUserPasskeyHandler
                0x10081a9c        0x8 .\CortexM4\ARM_GCC_541\Debug\cy_ble_hal_pvt.o
                0x10081a9c                Cy_BLE_HAL_SeSmpScUserPasskeyHandler
 .text.Cy_BLE_HAL_EccPointMult
                0x10081aa4        0x4 .\CortexM4\ARM_GCC_541\Debug\cy_ble_hal_pvt.o
                0x10081aa4                Cy_BLE_HAL_EccPointMult
 .text.Cy_BLE_ServiceInit
                0x10081aa8       0x10 .\CortexM4\ARM_GCC_541\Debug\cy_ble_gap.o
                0x10081aa8                Cy_BLE_ServiceInit
 .text.Cy_BLE_GAPP_StartAdvertisement
                0x10081ab8      0x120 .\CortexM4\ARM_GCC_541\Debug\cy_ble_gap.o
                0x10081ab8                Cy_BLE_GAPP_StartAdvertisement
 .text.Cy_BLE_ChangeAdDeviceAddress
                0x10081bd8       0x5c .\CortexM4\ARM_GCC_541\Debug\cy_ble_gap.o
                0x10081bd8                Cy_BLE_ChangeAdDeviceAddress
 .text.Cy_BLE_GATTS_WriteAttributeValueCCCD
                0x10081c34       0x50 .\CortexM4\ARM_GCC_541\Debug\cy_ble_gatt.o
                0x10081c34                Cy_BLE_GATTS_WriteAttributeValueCCCD
 .text.Cy_BLE_GATTS_WriteEventHandler
                0x10081c84       0x84 .\CortexM4\ARM_GCC_541\Debug\cy_ble_gatt.o
                0x10081c84                Cy_BLE_GATTS_WriteEventHandler
 .text.Cy_BLE_GATTS_ReadAttributeValueCCCDReqHandler
                0x10081d08       0x58 .\CortexM4\ARM_GCC_541\Debug\cy_ble_gatt.o
                0x10081d08                Cy_BLE_GATTS_ReadAttributeValueCCCDReqHandler
 .text.Cy_BLE_SendWriteResponse
                0x10081d60       0x44 .\CortexM4\ARM_GCC_541\Debug\cy_ble_event_handler.o
 .text.Cy_BLE_RegisterServiceEventHandler
                0x10081da4       0x5c .\CortexM4\ARM_GCC_541\Debug\cy_ble_event_handler.o
                0x10081da4                Cy_BLE_RegisterServiceEventHandler
 .text.Cy_BLE_InvokeServiceEventHandler
                0x10081e00       0x38 .\CortexM4\ARM_GCC_541\Debug\cy_ble_event_handler.o
                0x10081e00                Cy_BLE_InvokeServiceEventHandler
 .text.Cy_BLE_IsDeviceAddressValid
                0x10081e38       0x20 .\CortexM4\ARM_GCC_541\Debug\cy_ble_event_handler.o
                0x10081e38                Cy_BLE_IsDeviceAddressValid
 .text.Cy_BLE_EventHandler
                0x10081e58      0x5e4 .\CortexM4\ARM_GCC_541\Debug\cy_ble_event_handler.o
                0x10081e58                Cy_BLE_EventHandler
 .text.Cy_BLE_IASS_WriteCmdEventHandler
                0x1008243c       0x80 .\CortexM4\ARM_GCC_541\Debug\cy_ble_ias.o
 .text.Cy_BLE_IASS_DisconnectEventHandler
                0x100824bc       0x3c .\CortexM4\ARM_GCC_541\Debug\cy_ble_ias.o
 .text.Cy_BLE_IAS_EventHandler
                0x100824f8       0x30 .\CortexM4\ARM_GCC_541\Debug\cy_ble_ias.o
 .text.Cy_BLE_IAS_Init
                0x10082528       0x2c .\CortexM4\ARM_GCC_541\Debug\cy_ble_ias.o
                0x10082528                Cy_BLE_IAS_Init
 .text.Cy_BLE_IAS_RegisterAttrCallback
                0x10082554       0x1c .\CortexM4\ARM_GCC_541\Debug\cy_ble_ias.o
                0x10082554                Cy_BLE_IAS_RegisterAttrCallback
 .text.memcmp   0x10082570       0x1e c:/program files (x86)/cypress/psoc creator/4.3/psoc creator/import/gnu/arm/5.4.1/bin/../lib/gcc/arm-none-eabi/5.4.1/../../../../arm-none-eabi/lib/armv7e-m/softfp\libg_nano.a(lib_a-memcmp.o)
                0x10082570                memcmp
 .text.memcpy   0x1008258e       0x16 c:/program files (x86)/cypress/psoc creator/4.3/psoc creator/import/gnu/arm/5.4.1/bin/../lib/gcc/arm-none-eabi/5.4.1/../../../../arm-none-eabi/lib/armv7e-m/softfp\libg_nano.a(lib_a-memcpy-stub.o)
                0x1008258e                memcpy
 .text.memset   0x100825a4       0x10 c:/program files (x86)/cypress/psoc creator/4.3/psoc creator/import/gnu/arm/5.4.1/bin/../lib/gcc/arm-none-eabi/5.4.1/../../../../arm-none-eabi/lib/armv7e-m/softfp\libg_nano.a(lib_a-memset.o)
                0x100825a4                memset
 .text.strncpy  0x100825b4       0x26 c:/program files (x86)/cypress/psoc creator/4.3/psoc creator/import/gnu/arm/5.4.1/bin/../lib/gcc/arm-none-eabi/5.4.1/../../../../arm-none-eabi/lib/armv7e-m/softfp\libg_nano.a(lib_a-strncpy.o)
                0x100825b4                strncpy
 *(.init)
 *fill*         0x100825da        0x2 
 .init          0x100825dc        0x4 c:/program files (x86)/cypress/psoc creator/4.3/psoc creator/import/gnu/arm/5.4.1/bin/../lib/gcc/arm-none-eabi/5.4.1/armv7e-m/softfp/crti.o
                0x100825dc                _init
 .init          0x100825e0        0x8 c:/program files (x86)/cypress/psoc creator/4.3/psoc creator/import/gnu/arm/5.4.1/bin/../lib/gcc/arm-none-eabi/5.4.1/armv7e-m/softfp/crtn.o
 *(.fini)
 .fini          0x100825e8        0x4 c:/program files (x86)/cypress/psoc creator/4.3/psoc creator/import/gnu/arm/5.4.1/bin/../lib/gcc/arm-none-eabi/5.4.1/armv7e-m/softfp/crti.o
                0x100825e8                _fini
 .fini          0x100825ec        0x8 c:/program files (x86)/cypress/psoc creator/4.3/psoc creator/import/gnu/arm/5.4.1/bin/../lib/gcc/arm-none-eabi/5.4.1/armv7e-m/softfp/crtn.o
 *fill*         0x100825f4        0x4 
 .fini.__stub   0x100825f8       0x10 linker stubs
 *crtbegin.o(.ctors)
 *crtbegin?.o(.ctors)
 *(EXCLUDE_FILE(*crtend.o *crtend?.o) .ctors)
 *(SORT(.ctors.*))
 *(.ctors)
 *crtbegin.o(.dtors)
 *crtbegin?.o(.dtors)
 *(EXCLUDE_FILE(*crtend.o *crtend?.o) .dtors)
 *(SORT(.dtors.*))
 *(.dtors)
 *(.rodata .rodata.* .constdata .constdata.* .conststring .conststring.*)
 .rodata        0x10082608       0x34 .\CortexM4\ARM_GCC_541\Debug\system_psoc6_cm4.o
 .rodata        0x1008263c      0x15a .\CortexM4\ARM_GCC_541\Debug\BLE_config.o
 *fill*         0x10082796        0x2 
 .rodata        0x10082798        0x4 .\CortexM4\ARM_GCC_541\Debug\BLE_ias_config.o
 .rodata.str1.4
                0x1008279c       0x3f .\CortexM4\ARM_GCC_541\Debug\cy_flash.o
 *fill*         0x100827db        0x1 
 .rodata.str1.4
                0x100827dc       0x7f .\CortexM4\ARM_GCC_541\Debug\cy_ipc_drv.o
 .rodata.str1.4
                0x1008285b       0x3f .\CortexM4\ARM_GCC_541\Debug\cy_ipc_sema.o
 *fill*         0x1008285b        0x1 
 .rodata.str1.4
                0x1008285c       0x40 .\CortexM4\ARM_GCC_541\Debug\cy_ipc_pipe.o
                                 0x7f (size before relaxing)
 .rodata.str1.4
                0x1008289c       0x41 .\CortexM4\ARM_GCC_541\Debug\cy_sysint.o
 *fill*         0x100828dd        0x3 
 .rodata.str1.4
                0x100828e0       0x3f .\CortexM4\ARM_GCC_541\Debug\cy_syspm.o
                                 0x7f (size before relaxing)
 *fill*         0x1008291f        0x1 
 .rodata        0x10082920      0x170 .\CortexM4\ARM_GCC_541\Debug\cy_device.o
                0x10082920                cy_deviceIpBlockCfgPSoC6_02
                0x100829d8                cy_deviceIpBlockCfgPSoC6_01
 .rodata        0x10082a90       0x10 .\CortexM4\ARM_GCC_541\Debug\cy_ble.o
 .rodata        0x10082aa0      0x100 .\CortexM4\ARM_GCC_541\Debug\cy_ble_hal_pvt.o
 .rodata        0x10082ba0        0x2 .\CortexM4\ARM_GCC_541\Debug\cy_ble_event_handler.o
 *fill*         0x10082ba2        0x2 
 .rodata.str1.4
                0x10082ba4       0x38 .\CortexM4\ARM_GCC_541\Debug\cy_ble_event_handler.o
                                 0x37 (size before relaxing)
 .constdata     0x10082bdc       0x18 Generated_Source\PSoC6\pdl\middleware\ble\lib\cy_ble_stack_gcc_host_ipc_cm4.a(BT_os.o)
                0x10082bdc                cyBleStackMemoryConfig
 .constdata     0x10082bf4       0x58 Generated_Source\PSoC6\pdl\middleware\ble\lib\cy_ble_stack_gcc_host_ipc_cm4.a(l2cap_init.o)
                0x10082bf4                l2cap_le_sig_handler
 .constdata     0x10082c4c       0x3c Generated_Source\PSoC6\pdl\middleware\ble\lib\cy_ble_stack_gcc_host_ipc_cm4.a(fsm_engine_pl.o)
                0x10082c4c                fsm_module_table
 .constdata     0x10082c88      0x110 Generated_Source\PSoC6\pdl\middleware\ble\lib\cy_ble_stack_gcc_host_ipc_cm4.a(gap_hci_iface.o)
                0x10082c88                hciCommandCompleteEventHandlers
 .constdata     0x10082d98       0x20 Generated_Source\PSoC6\pdl\middleware\ble\lib\cy_ble_stack_gcc_host_ipc_cm4.a(gap_privacy.o)
 .constdata     0x10082db8       0x32 Generated_Source\PSoC6\pdl\middleware\ble\lib\cy_ble_stack_gcc_host_ipc_cm4.a(smp_core.o)
                0x10082db8                smp_iocap_assoc_map
                0x10082dd1                smp_sc_iocap_assoc_map
 *fill*         0x10082dea        0x2 
 .constdata     0x10082dec        0xc Generated_Source\PSoC6\pdl\middleware\ble\lib\cy_ble_stack_gcc_host_ipc_cm4.a(smp_interface.o)
                0x10082dec                smp_event_fp
 .constdata     0x10082df8       0x22 Generated_Source\PSoC6\pdl\middleware\ble\lib\cy_ble_stack_gcc_host_ipc_cm4.a(smp_utils.o)
                0x10082df8                smp_event_map
 *fill*         0x10082e1a        0x2 
 .constdata     0x10082e1c       0xb4 Generated_Source\PSoC6\pdl\middleware\ble\lib\cy_ble_stack_gcc_host_ipc_cm4.a(smp_fsm_table.o)
                0x10082e1c                smp_state_event_table
 .constdata     0x10082ed0      0x110 Generated_Source\PSoC6\pdl\middleware\ble\lib\cy_ble_stack_gcc_host_ipc_cm4.a(smp_fsm_table.o)
                0x10082ed0                smp_event_handler_table
 .constdata     0x10082fe0       0x20 Generated_Source\PSoC6\pdl\middleware\ble\lib\cy_ble_stack_gcc_host_ipc_cm4.a(aes_cmac.o)
                0x10082fe0                cmac_zero_data
                0x10082ff0                cmac_rb_data
 .constdata     0x10083000       0x60 Generated_Source\PSoC6\pdl\middleware\ble\lib\cy_ble_stack_gcc_host_ipc_cm4.a(att_fsm_table.o)
                0x10083000                att_state_event_table
 .constdata     0x10083060       0x58 Generated_Source\PSoC6\pdl\middleware\ble\lib\cy_ble_stack_gcc_host_ipc_cm4.a(att_fsm_table.o)
                0x10083060                att_event_handler_table
 *(.eh_frame*)
 .eh_frame      0x100830b8        0x0 c:/program files (x86)/cypress/psoc creator/4.3/psoc creator/import/gnu/arm/5.4.1/bin/../lib/gcc/arm-none-eabi/5.4.1/armv7e-m/softfp/crtbegin.o
 .eh_frame      0x100830b8        0x4 c:/program files (x86)/cypress/psoc creator/4.3/psoc creator/import/gnu/arm/5.4.1/bin/../lib/gcc/arm-none-eabi/5.4.1/armv7e-m/softfp/crtend.o

.glue_7         0x100830bc        0x0
 .glue_7        0x100830bc        0x0 linker stubs

.glue_7t        0x100830bc        0x0
 .glue_7t       0x100830bc        0x0 linker stubs

.vfp11_veneer   0x100830bc        0x0
 .vfp11_veneer  0x100830bc        0x0 linker stubs

.v4_bx          0x100830bc        0x0
 .v4_bx         0x100830bc        0x0 linker stubs

.iplt           0x100830bc        0x0
 .iplt          0x100830bc        0x0 c:/program files (x86)/cypress/psoc creator/4.3/psoc creator/import/gnu/arm/5.4.1/bin/../lib/gcc/arm-none-eabi/5.4.1/armv7e-m/softfp/crtbegin.o

i.CyBleStackMgr_Init
                0x100830bc       0xdc
 i.CyBleStackMgr_Init
                0x100830bc       0xdc Generated_Source\PSoC6\pdl\middleware\ble\lib\cy_ble_stack_gcc_host_ipc_cm4.a(CyBleStackMgrIP_Interface.o)
                0x100830bc                CyBleStackMgr_Init

i.CyBleStackMgr_ProcessBleEvents
                0x10083198       0x14
 i.CyBleStackMgr_ProcessBleEvents
                0x10083198       0x14 Generated_Source\PSoC6\pdl\middleware\ble\lib\cy_ble_stack_gcc_host_ipc_cm4.a(CyBleStackMgrIP_Interface.o)
                0x10083198                CyBleStackMgr_ProcessBleEvents

i.CyBleStackMgr_Shutdown
                0x100831ac       0x20
 i.CyBleStackMgr_Shutdown
                0x100831ac       0x20 Generated_Source\PSoC6\pdl\middleware\ble\lib\cy_ble_stack_gcc_host_ipc_cm4.a(CyBleStackMgrIP_Interface.o)
                0x100831ac                CyBleStackMgr_Shutdown

i.CyBle_GetHeapMemory
                0x100831cc       0x3c
 i.CyBle_GetHeapMemory
                0x100831cc       0x3c Generated_Source\PSoC6\pdl\middleware\ble\lib\cy_ble_stack_gcc_host_ipc_cm4.a(CyBleStackMgrIP_Interface.o)
                0x100831cc                CyBle_GetHeapMemory

i.CyBle_GetNumAppBufferPools
                0x10083208        0xc
 i.CyBle_GetNumAppBufferPools
                0x10083208        0xc Generated_Source\PSoC6\pdl\middleware\ble\lib\cy_ble_stack_gcc_host_ipc_cm4.a(CyBleStackMgrIP_Interface.o)
                0x10083208                CyBle_GetNumAppBufferPools

i.CyBle_HostStackBufferPoolInit
                0x10083214       0xc4
 i.CyBle_HostStackBufferPoolInit
                0x10083214       0xc4 Generated_Source\PSoC6\pdl\middleware\ble\lib\cy_ble_stack_gcc_host_ipc_cm4.a(CyBleStackMgrIP_Interface.o)

i.CyBle_SortBufers
                0x100832d8       0x40
 i.CyBle_SortBufers
                0x100832d8       0x40 Generated_Source\PSoC6\pdl\middleware\ble\lib\cy_ble_stack_gcc_host_ipc_cm4.a(CyBleStackMgrIP_Interface.o)
                0x100832d8                CyBle_SortBufers

i.CyBle_StackGetConfigPtr
                0x10083318        0x8
 i.CyBle_StackGetConfigPtr
                0x10083318        0x8 Generated_Source\PSoC6\pdl\middleware\ble\lib\cy_ble_stack_gcc_host_ipc_cm4.a(CyBleStackMgrIP_Interface.o)
                0x10083318                CyBle_StackGetConfigPtr

i.Cy_BLE_ProcessEvents
                0x10083320        0x4
 i.Cy_BLE_ProcessEvents
                0x10083320        0x4 Generated_Source\PSoC6\pdl\middleware\ble\lib\cy_ble_stack_gcc_host_ipc_cm4.a(CyBleStackMgrIP_Interface.o)
                0x10083320                Cy_BLE_ProcessEvents

i.Cy_BLE_StackEnterLPM
                0x10083324       0x16
 i.Cy_BLE_StackEnterLPM
                0x10083324       0x16 Generated_Source\PSoC6\pdl\middleware\ble\lib\cy_ble_stack_gcc_host_ipc_cm4.a(CyBleStackMgrIP_Interface.o)
                0x10083324                Cy_BLE_StackEnterLPM

i.Cy_BLE_StackGetBleSsState
                0x1008333a        0x4
 i.Cy_BLE_StackGetBleSsState
                0x1008333a        0x4 Generated_Source\PSoC6\pdl\middleware\ble\lib\cy_ble_stack_gcc_host_ipc_cm4.a(CyBleStackMgrIP_Interface.o)
                0x1008333a                Cy_BLE_StackGetBleSsState

i.Cy_BLE_StackGetFeatureConfig
                0x10083340       0x20
 i.Cy_BLE_StackGetFeatureConfig
                0x10083340       0x20 Generated_Source\PSoC6\pdl\middleware\ble\lib\cy_ble_stack_gcc_host_ipc_cm4.a(CyBleStackMgrIP_Interface.o)
                0x10083340                Cy_BLE_StackGetFeatureConfig

i.Cy_BLE_StackInit
                0x10083360       0x70
 i.Cy_BLE_StackInit
                0x10083360       0x70 Generated_Source\PSoC6\pdl\middleware\ble\lib\cy_ble_stack_gcc_host_ipc_cm4.a(CyBleStackMgrIP_Interface.o)
                0x10083360                Cy_BLE_StackInit

i.Cy_BLE_StackSetFeatureConfig
                0x100833d0       0x54
 i.Cy_BLE_StackSetFeatureConfig
                0x100833d0       0x54 Generated_Source\PSoC6\pdl\middleware\ble\lib\cy_ble_stack_gcc_host_ipc_cm4.a(CyBleStackMgrIP_Interface.o)
                0x100833d0                Cy_BLE_StackSetFeatureConfig

i.ble_stack_idle_task_callback
                0x10083424        0x2
 i.ble_stack_idle_task_callback
                0x10083424        0x2 Generated_Source\PSoC6\pdl\middleware\ble\lib\cy_ble_stack_gcc_host_ipc_cm4.a(CyBleStackMgrIP_Interface.o)
                0x10083424                ble_stack_idle_task_callback

i.BT_OSFreeBuf  0x10083428       0x20
 i.BT_OSFreeBuf
                0x10083428       0x20 Generated_Source\PSoC6\pdl\middleware\ble\lib\cy_ble_stack_gcc_host_ipc_cm4.a(BT_os.o)
                0x10083428                BT_OSFreeBuf

i.BT_OSGetBuF   0x10083448       0x30
 i.BT_OSGetBuF  0x10083448       0x30 Generated_Source\PSoC6\pdl\middleware\ble\lib\cy_ble_stack_gcc_host_ipc_cm4.a(BT_os.o)
                0x10083448                BT_OSGetBuF

i.BT_OSMemCreate
                0x10083478       0x3c
 i.BT_OSMemCreate
                0x10083478       0x3c Generated_Source\PSoC6\pdl\middleware\ble\lib\cy_ble_stack_gcc_host_ipc_cm4.a(BT_os.o)
                0x10083478                BT_OSMemCreate

i.BT_alloc_mem_ext
                0x100834b4       0x40
 i.BT_alloc_mem_ext
                0x100834b4       0x40 Generated_Source\PSoC6\pdl\middleware\ble\lib\cy_ble_stack_gcc_host_ipc_cm4.a(BT_os.o)
                0x100834b4                BT_alloc_mem_ext

i.BT_free_mem   0x100834f4        0xa
 i.BT_free_mem  0x100834f4        0xa Generated_Source\PSoC6\pdl\middleware\ble\lib\cy_ble_stack_gcc_host_ipc_cm4.a(BT_os.o)
                0x100834f4                BT_free_mem

i.bt_stack_create_buffer_pool
                0x10083500       0x2c
 i.bt_stack_create_buffer_pool
                0x10083500       0x2c Generated_Source\PSoC6\pdl\middleware\ble\lib\cy_ble_stack_gcc_host_ipc_cm4.a(BT_os.o)
                0x10083500                bt_stack_create_buffer_pool

i.CyBle_CreateBleStackTask
                0x1008352c       0x30
 i.CyBle_CreateBleStackTask
                0x1008352c       0x30 Generated_Source\PSoC6\pdl\middleware\ble\lib\cy_ble_stack_gcc_host_ipc_cm4.a(CyBleStackMgr_StackTaskHandler.o)
                0x1008352c                CyBle_CreateBleStackTask

i.CyBle_SignalBleStackTask
                0x1008355c       0x38
 i.CyBle_SignalBleStackTask
                0x1008355c       0x38 Generated_Source\PSoC6\pdl\middleware\ble\lib\cy_ble_stack_gcc_host_ipc_cm4.a(CyBleStackMgr_StackTaskHandler.o)
                0x1008355c                CyBle_SignalBleStackTask

i.CyBle_StackTaskHandler
                0x10083594       0x74
 i.CyBle_StackTaskHandler
                0x10083594       0x74 Generated_Source\PSoC6\pdl\middleware\ble\lib\cy_ble_stack_gcc_host_ipc_cm4.a(CyBleStackMgr_StackTaskHandler.o)
                0x10083594                CyBle_StackTaskHandler

i.IsStackTaskFree
                0x10083608        0xc
 i.IsStackTaskFree
                0x10083608        0xc Generated_Source\PSoC6\pdl\middleware\ble\lib\cy_ble_stack_gcc_host_ipc_cm4.a(CyBleStackMgr_StackTaskHandler.o)
                0x10083608                IsStackTaskFree

i.storage_bt_init_pl
                0x10083614       0x8c
 i.storage_bt_init_pl
                0x10083614       0x8c Generated_Source\PSoC6\pdl\middleware\ble\lib\cy_ble_stack_gcc_host_ipc_cm4.a(storage_pl.o)
                0x10083614                storage_bt_init_pl

i.storage_bt_reset_offset
                0x100836a0       0x3c
 i.storage_bt_reset_offset
                0x100836a0       0x3c Generated_Source\PSoC6\pdl\middleware\ble\lib\cy_ble_stack_gcc_host_ipc_cm4.a(storage_pl.o)
                0x100836a0                storage_bt_reset_offset

i.storage_manager_init
                0x100836dc       0x54
 i.storage_manager_init
                0x100836dc       0x54 Generated_Source\PSoC6\pdl\middleware\ble\lib\cy_ble_stack_gcc_host_ipc_cm4.a(storage_pl.o)
                0x100836dc                storage_manager_init

i.storage_manager_register_module
                0x10083730       0x68
 i.storage_manager_register_module
                0x10083730       0x68 Generated_Source\PSoC6\pdl\middleware\ble\lib\cy_ble_stack_gcc_host_ipc_cm4.a(storage_pl.o)
                0x10083730                storage_manager_register_module

i.storage_validate_init_params
                0x10083798       0x98
 i.storage_validate_init_params
                0x10083798       0x98 Generated_Source\PSoC6\pdl\middleware\ble\lib\cy_ble_stack_gcc_host_ipc_cm4.a(storage_pl.o)
                0x10083798                storage_validate_init_params

i.OS_init       0x10083830       0x64
 i.OS_init      0x10083830       0x64 Generated_Source\PSoC6\pdl\middleware\ble\lib\cy_ble_stack_gcc_host_ipc_cm4.a(mint_os.o)
                0x10083830                OS_init

i.OS_shutdown   0x10083894        0x4
 i.OS_shutdown  0x10083894        0x4 Generated_Source\PSoC6\pdl\middleware\ble\lib\cy_ble_stack_gcc_host_ipc_cm4.a(mint_os.o)
                0x10083894                OS_shutdown

i.mintos_malloc
                0x10083898       0x34
 i.mintos_malloc
                0x10083898       0x34 Generated_Source\PSoC6\pdl\middleware\ble\lib\cy_ble_stack_gcc_host_ipc_cm4.a(mint_os.o)
                0x10083898                mintos_malloc

i.OS_create_queue
                0x100838cc       0x74
 i.OS_create_queue
                0x100838cc       0x74 Generated_Source\PSoC6\pdl\middleware\ble\lib\cy_ble_stack_gcc_host_ipc_cm4.a(mint_os_queue.o)
                0x100838cc                OS_create_queue

i.OS_enqueue_item
                0x10083940       0x9c
 i.OS_enqueue_item
                0x10083940       0x9c Generated_Source\PSoC6\pdl\middleware\ble\lib\cy_ble_stack_gcc_host_ipc_cm4.a(mint_os_queue.o)
                0x10083940                OS_enqueue_item

i.OS_queue_get_num_of_items
                0x100839dc       0x2c
 i.OS_queue_get_num_of_items
                0x100839dc       0x2c Generated_Source\PSoC6\pdl\middleware\ble\lib\cy_ble_stack_gcc_host_ipc_cm4.a(mint_os_queue.o)
                0x100839dc                OS_queue_get_num_of_items

i.OS_queue_mgmt_init
                0x10083a08       0x58
 i.OS_queue_mgmt_init
                0x10083a08       0x58 Generated_Source\PSoC6\pdl\middleware\ble\lib\cy_ble_stack_gcc_host_ipc_cm4.a(mint_os_queue.o)
                0x10083a08                OS_queue_mgmt_init

i.OS_remove_item
                0x10083a60       0xb8
 i.OS_remove_item
                0x10083a60       0xb8 Generated_Source\PSoC6\pdl\middleware\ble\lib\cy_ble_stack_gcc_host_ipc_cm4.a(mint_os_queue.o)
                0x10083a60                OS_remove_item

i.OS_create_task
                0x10083b18       0x88
 i.OS_create_task
                0x10083b18       0x88 Generated_Source\PSoC6\pdl\middleware\ble\lib\cy_ble_stack_gcc_host_ipc_cm4.a(mint_os_task.o)
                0x10083b18                OS_create_task

i.OS_is_task_free
                0x10083ba0       0x30
 i.OS_is_task_free
                0x10083ba0       0x30 Generated_Source\PSoC6\pdl\middleware\ble\lib\cy_ble_stack_gcc_host_ipc_cm4.a(mint_os_task.o)
                0x10083ba0                OS_is_task_free

i.OS_scheduler  0x10083bd0       0x64
 i.OS_scheduler
                0x10083bd0       0x64 Generated_Source\PSoC6\pdl\middleware\ble\lib\cy_ble_stack_gcc_host_ipc_cm4.a(mint_os_task.o)
                0x10083bd0                OS_scheduler

i.OS_send_signal_to_task
                0x10083c34        0xc
 i.OS_send_signal_to_task
                0x10083c34        0xc Generated_Source\PSoC6\pdl\middleware\ble\lib\cy_ble_stack_gcc_host_ipc_cm4.a(mint_os_task.o)
                0x10083c34                OS_send_signal_to_task

i.OS_send_signal_to_task_context
                0x10083c40       0x3c
 i.OS_send_signal_to_task_context
                0x10083c40       0x3c Generated_Source\PSoC6\pdl\middleware\ble\lib\cy_ble_stack_gcc_host_ipc_cm4.a(mint_os_task.o)

i.OS_task_mgmt_init
                0x10083c7c       0x60
 i.OS_task_mgmt_init
                0x10083c7c       0x60 Generated_Source\PSoC6\pdl\middleware\ble\lib\cy_ble_stack_gcc_host_ipc_cm4.a(mint_os_task.o)
                0x10083c7c                OS_task_mgmt_init

i.mint_buf_mgmt_allocate_buffer
                0x10083cdc       0x54
 i.mint_buf_mgmt_allocate_buffer
                0x10083cdc       0x54 Generated_Source\PSoC6\pdl\middleware\ble\lib\cy_ble_stack_gcc_host_ipc_cm4.a(mint_buf_mgmt.o)
                0x10083cdc                mint_buf_mgmt_allocate_buffer

i.mint_buf_mgmt_create_pool
                0x10083d30       0xd4
 i.mint_buf_mgmt_create_pool
                0x10083d30       0xd4 Generated_Source\PSoC6\pdl\middleware\ble\lib\cy_ble_stack_gcc_host_ipc_cm4.a(mint_buf_mgmt.o)
                0x10083d30                mint_buf_mgmt_create_pool

i.mint_buf_mgmt_free_buffer
                0x10083e04       0xac
 i.mint_buf_mgmt_free_buffer
                0x10083e04       0xac Generated_Source\PSoC6\pdl\middleware\ble\lib\cy_ble_stack_gcc_host_ipc_cm4.a(mint_buf_mgmt.o)
                0x10083e04                mint_buf_mgmt_free_buffer

i.mint_buf_mgmt_init
                0x10083eb0       0x5c
 i.mint_buf_mgmt_init
                0x10083eb0       0x5c Generated_Source\PSoC6\pdl\middleware\ble\lib\cy_ble_stack_gcc_host_ipc_cm4.a(mint_buf_mgmt.o)
                0x10083eb0                mint_buf_mgmt_init

i.mint_buf_mgmt_malloc
                0x10083f0c       0x28
 i.mint_buf_mgmt_malloc
                0x10083f0c       0x28 Generated_Source\PSoC6\pdl\middleware\ble\lib\cy_ble_stack_gcc_host_ipc_cm4.a(mint_buf_mgmt.o)
                0x10083f0c                mint_buf_mgmt_malloc

i.mint_buf_mgmt_pl_init
                0x10083f34       0x44
 i.mint_buf_mgmt_pl_init
                0x10083f34       0x44 Generated_Source\PSoC6\pdl\middleware\ble\lib\cy_ble_stack_gcc_host_ipc_cm4.a(mint_buf_mgmt.o)
                0x10083f34                mint_buf_mgmt_pl_init

i.mint_buf_mgmt_stack_init
                0x10083f78       0x22
 i.mint_buf_mgmt_stack_init
                0x10083f78       0x22 Generated_Source\PSoC6\pdl\middleware\ble\lib\cy_ble_stack_gcc_host_ipc_cm4.a(mint_buf_mgmt.o)
                0x10083f78                mint_buf_mgmt_stack_init

i.mint_buf_mgmt_stack_pop
                0x10083f9a       0x34
 i.mint_buf_mgmt_stack_pop
                0x10083f9a       0x34 Generated_Source\PSoC6\pdl\middleware\ble\lib\cy_ble_stack_gcc_host_ipc_cm4.a(mint_buf_mgmt.o)
                0x10083f9a                mint_buf_mgmt_stack_pop

i.mint_buf_mgmt_stack_push
                0x10083fce       0x34
 i.mint_buf_mgmt_stack_push
                0x10083fce       0x34 Generated_Source\PSoC6\pdl\middleware\ble\lib\cy_ble_stack_gcc_host_ipc_cm4.a(mint_buf_mgmt.o)
                0x10083fce                mint_buf_mgmt_stack_push

i.mint_buf_mgmt_stack_search_item
                0x10084002       0x2e
 i.mint_buf_mgmt_stack_search_item
                0x10084002       0x2e Generated_Source\PSoC6\pdl\middleware\ble\lib\cy_ble_stack_gcc_host_ipc_cm4.a(mint_buf_mgmt.o)
                0x10084002                mint_buf_mgmt_stack_search_item

i.CyBleHost_HciIpcFreePktBuffer
                0x10084030       0x2e
 i.CyBleHost_HciIpcFreePktBuffer
                0x10084030       0x2e Generated_Source\PSoC6\pdl\middleware\ble\lib\cy_ble_stack_gcc_host_ipc_cm4.a(transport_ipc.o)
                0x10084030                CyBleHost_HciIpcFreePktBuffer

i.CyBleHost_HciIpcMsgCompleteReceive
                0x10084060       0x28
 i.CyBleHost_HciIpcMsgCompleteReceive
                0x10084060       0x28 Generated_Source\PSoC6\pdl\middleware\ble\lib\cy_ble_stack_gcc_host_ipc_cm4.a(transport_ipc.o)
                0x10084060                CyBleHost_HciIpcMsgCompleteReceive

i.CyBleHost_HciIpcMsgReceive
                0x10084088       0x28
 i.CyBleHost_HciIpcMsgReceive
                0x10084088       0x28 Generated_Source\PSoC6\pdl\middleware\ble\lib\cy_ble_stack_gcc_host_ipc_cm4.a(transport_ipc.o)
                0x10084088                CyBleHost_HciIpcMsgReceive

i.hci_transport_bt_shutdown
                0x100840b0        0x4
 i.hci_transport_bt_shutdown
                0x100840b0        0x4 Generated_Source\PSoC6\pdl\middleware\ble\lib\cy_ble_stack_gcc_host_ipc_cm4.a(transport_ipc.o)
                0x100840b0                hci_transport_bt_shutdown

i.hci_transport_init
                0x100840b4       0x10
 i.hci_transport_init
                0x100840b4       0x10 Generated_Source\PSoC6\pdl\middleware\ble\lib\cy_ble_stack_gcc_host_ipc_cm4.a(transport_ipc.o)
                0x100840b4                hci_transport_init

i.hci_transport_write_data
                0x100840c4       0x9c
 i.hci_transport_write_data
                0x100840c4       0x9c Generated_Source\PSoC6\pdl\middleware\ble\lib\cy_ble_stack_gcc_host_ipc_cm4.a(transport_ipc.o)
                0x100840c4                hci_transport_write_data

i.CyBleHost_IPC_HAL_Init
                0x10084160       0x40
 i.CyBleHost_IPC_HAL_Init
                0x10084160       0x40 Generated_Source\PSoC6\pdl\middleware\ble\lib\cy_ble_stack_gcc_host_ipc_cm4.a(CyBleStackMgr_PSoCIPCHal.o)
                0x10084160                CyBleHost_IPC_HAL_Init

i.CyBleHost_IPC_HAL_InitWithStaticMem
                0x100841a0        0xc
 i.CyBleHost_IPC_HAL_InitWithStaticMem
                0x100841a0        0xc Generated_Source\PSoC6\pdl\middleware\ble\lib\cy_ble_stack_gcc_host_ipc_cm4.a(CyBleStackMgr_PSoCIPCHal.o)
                0x100841a0                CyBleHost_IPC_HAL_InitWithStaticMem

i.CyBleHost_IPC_HAL_IsQueueEmpty
                0x100841ac       0x24
 i.CyBleHost_IPC_HAL_IsQueueEmpty
                0x100841ac       0x24 Generated_Source\PSoC6\pdl\middleware\ble\lib\cy_ble_stack_gcc_host_ipc_cm4.a(CyBleStackMgr_PSoCIPCHal.o)
                0x100841ac                CyBleHost_IPC_HAL_IsQueueEmpty

i.CyBleHost_IPC_HAL_PipeReleaseCallback
                0x100841d0       0x1c
 i.CyBleHost_IPC_HAL_PipeReleaseCallback
                0x100841d0       0x1c Generated_Source\PSoC6\pdl\middleware\ble\lib\cy_ble_stack_gcc_host_ipc_cm4.a(CyBleStackMgr_PSoCIPCHal.o)

i.CyBleHost_IPC_HAL_ProcessMsgQ
                0x100841ec       0x3c
 i.CyBleHost_IPC_HAL_ProcessMsgQ
                0x100841ec       0x3c Generated_Source\PSoC6\pdl\middleware\ble\lib\cy_ble_stack_gcc_host_ipc_cm4.a(CyBleStackMgr_PSoCIPCHal.o)
                0x100841ec                CyBleHost_IPC_HAL_ProcessMsgQ

i.CyBleHost_IPC_HAL_PushMessage
                0x10084228       0x48
 i.CyBleHost_IPC_HAL_PushMessage
                0x10084228       0x48 Generated_Source\PSoC6\pdl\middleware\ble\lib\cy_ble_stack_gcc_host_ipc_cm4.a(CyBleStackMgr_PSoCIPCHal.o)

i.CyBleHost_IPC_HAL_Reset
                0x10084270        0x2
 i.CyBleHost_IPC_HAL_Reset
                0x10084270        0x2 Generated_Source\PSoC6\pdl\middleware\ble\lib\cy_ble_stack_gcc_host_ipc_cm4.a(CyBleStackMgr_PSoCIPCHal.o)
                0x10084270                CyBleHost_IPC_HAL_Reset

i.CyBleHost_IPC_HAL_SendEnqueue
                0x10084272       0x10
 i.CyBleHost_IPC_HAL_SendEnqueue
                0x10084272       0x10 Generated_Source\PSoC6\pdl\middleware\ble\lib\cy_ble_stack_gcc_host_ipc_cm4.a(CyBleStackMgr_PSoCIPCHal.o)
                0x10084272                CyBleHost_IPC_HAL_SendEnqueue

i.CyBle_BluetoothOnCmptCB
                0x10084284       0x60
 i.CyBle_BluetoothOnCmptCB
                0x10084284       0x60 Generated_Source\PSoC6\pdl\middleware\ble\lib\cy_ble_stack_gcc_host_ipc_cm4.a(host_main.o)

i.CyBle_HostDisableFeatures
                0x100842e4       0x12
 i.CyBle_HostDisableFeatures
                0x100842e4       0x12 Generated_Source\PSoC6\pdl\middleware\ble\lib\cy_ble_stack_gcc_host_ipc_cm4.a(host_main.o)
                0x100842e4                CyBle_HostDisableFeatures

i.CyBle_HostInit
                0x100842f8       0x60
 i.CyBle_HostInit
                0x100842f8       0x60 Generated_Source\PSoC6\pdl\middleware\ble\lib\cy_ble_stack_gcc_host_ipc_cm4.a(host_main.o)
                0x100842f8                CyBle_HostInit

i.CyBle_HostIsStackFree
                0x10084358       0x16
 i.CyBle_HostIsStackFree
                0x10084358       0x16 Generated_Source\PSoC6\pdl\middleware\ble\lib\cy_ble_stack_gcc_host_ipc_cm4.a(host_main.o)
                0x10084358                CyBle_HostIsStackFree

i.CyBle_HostSetFeatureConfig
                0x10084370       0x80
 i.CyBle_HostSetFeatureConfig
                0x10084370       0x80 Generated_Source\PSoC6\pdl\middleware\ble\lib\cy_ble_stack_gcc_host_ipc_cm4.a(host_main.o)
                0x10084370                CyBle_HostSetFeatureConfig

i.CyBle_HostStackHeapDeInit
                0x100843f0       0x1e
 i.CyBle_HostStackHeapDeInit
                0x100843f0       0x1e Generated_Source\PSoC6\pdl\middleware\ble\lib\cy_ble_stack_gcc_host_ipc_cm4.a(host_main.o)
                0x100843f0                CyBle_HostStackHeapDeInit

i.CyBle_HostStackHeapInit
                0x10084410       0x4c
 i.CyBle_HostStackHeapInit
                0x10084410       0x4c Generated_Source\PSoC6\pdl\middleware\ble\lib\cy_ble_stack_gcc_host_ipc_cm4.a(host_main.o)
                0x10084410                CyBle_HostStackHeapInit

i.CyBle_HostStackInit
                0x1008445c       0x30
 i.CyBle_HostStackInit
                0x1008445c       0x30 Generated_Source\PSoC6\pdl\middleware\ble\lib\cy_ble_stack_gcc_host_ipc_cm4.a(host_main.o)
                0x1008445c                CyBle_HostStackInit

i.CyBle_HostStackOn
                0x1008448c       0x30
 i.CyBle_HostStackOn
                0x1008448c       0x30 Generated_Source\PSoC6\pdl\middleware\ble\lib\cy_ble_stack_gcc_host_ipc_cm4.a(host_main.o)

i.CyBle_HostValidateAppBuffers
                0x100844bc       0x4c
 i.CyBle_HostValidateAppBuffers
                0x100844bc       0x4c Generated_Source\PSoC6\pdl\middleware\ble\lib\cy_ble_stack_gcc_host_ipc_cm4.a(host_main.o)
                0x100844bc                CyBle_HostValidateAppBuffers

i.CyBle_HostValidateInputParams
                0x10084508       0xb8
 i.CyBle_HostValidateInputParams
                0x10084508       0xb8 Generated_Source\PSoC6\pdl\middleware\ble\lib\cy_ble_stack_gcc_host_ipc_cm4.a(host_main.o)
                0x10084508                CyBle_HostValidateInputParams

i.CyBle_SendEvToApp
                0x100845c0       0x14
 i.CyBle_SendEvToApp
                0x100845c0       0x14 Generated_Source\PSoC6\pdl\middleware\ble\lib\cy_ble_stack_gcc_host_ipc_cm4.a(host_main.o)
                0x100845c0                CyBle_SendEvToApp

i.CyBle_ShutdownResetComplete
                0x100845d4       0x68
 i.CyBle_ShutdownResetComplete
                0x100845d4       0x68 Generated_Source\PSoC6\pdl\middleware\ble\lib\cy_ble_stack_gcc_host_ipc_cm4.a(host_main.o)
                0x100845d4                CyBle_ShutdownResetComplete

i.CyBle_StackResetGlobalVariables
                0x1008463c       0x10
 i.CyBle_StackResetGlobalVariables
                0x1008463c       0x10 Generated_Source\PSoC6\pdl\middleware\ble\lib\cy_ble_stack_gcc_host_ipc_cm4.a(host_main.o)

i.CyBle_StackResetShutdown
                0x1008464c        0xa
 i.CyBle_StackResetShutdown
                0x1008464c        0xa Generated_Source\PSoC6\pdl\middleware\ble\lib\cy_ble_stack_gcc_host_ipc_cm4.a(host_main.o)

i.CyBle_TimerExpiryHandler
                0x10084658       0x2c
 i.CyBle_TimerExpiryHandler
                0x10084658       0x2c Generated_Source\PSoC6\pdl\middleware\ble\lib\cy_ble_stack_gcc_host_ipc_cm4.a(host_main.o)

i.Cy_BLE_StackShutdown
                0x10084684       0x20
 i.Cy_BLE_StackShutdown
                0x10084684       0x20 Generated_Source\PSoC6\pdl\middleware\ble\lib\cy_ble_stack_gcc_host_ipc_cm4.a(host_main.o)
                0x10084684                Cy_BLE_StackShutdown

i.Cy_BLE_StartTimer
                0x100846a4       0x40
 i.Cy_BLE_StartTimer
                0x100846a4       0x40 Generated_Source\PSoC6\pdl\middleware\ble\lib\cy_ble_stack_gcc_host_ipc_cm4.a(host_main.o)
                0x100846a4                Cy_BLE_StartTimer

i.BT_att_access_mtu
                0x100846e4       0x24
 i.BT_att_access_mtu
                0x100846e4       0x24 Generated_Source\PSoC6\pdl\middleware\ble\lib\cy_ble_stack_gcc_host_ipc_cm4.a(att_api.o)
                0x100846e4                BT_att_access_mtu

i.BT_att_check_connected_state
                0x10084708       0x38
 i.BT_att_check_connected_state
                0x10084708       0x38 Generated_Source\PSoC6\pdl\middleware\ble\lib\cy_ble_stack_gcc_host_ipc_cm4.a(att_api.o)
                0x10084708                BT_att_check_connected_state

i.BT_att_get_att_handle_from_device_id
                0x10084740       0x34
 i.BT_att_get_att_handle_from_device_id
                0x10084740       0x34 Generated_Source\PSoC6\pdl\middleware\ble\lib\cy_ble_stack_gcc_host_ipc_cm4.a(att_api.o)
                0x10084740                BT_att_get_att_handle_from_device_id

i.BT_att_get_stop_long_procedure_state
                0x10084774       0x10
 i.BT_att_get_stop_long_procedure_state
                0x10084774       0x10 Generated_Source\PSoC6\pdl\middleware\ble\lib\cy_ble_stack_gcc_host_ipc_cm4.a(att_api.o)
                0x10084774                BT_att_get_stop_long_procedure_state

i.BT_att_register
                0x10084784       0x24
 i.BT_att_register
                0x10084784       0x24 Generated_Source\PSoC6\pdl\middleware\ble\lib\cy_ble_stack_gcc_host_ipc_cm4.a(att_api.o)
                0x10084784                BT_att_register

i.BT_att_send_pdu
                0x100847a8      0x5a4
 i.BT_att_send_pdu
                0x100847a8      0x5a4 Generated_Source\PSoC6\pdl\middleware\ble\lib\cy_ble_stack_gcc_host_ipc_cm4.a(att_api.o)
                0x100847a8                BT_att_send_pdu

i.BT_att_set_stop_long_procedure
                0x10084d4c       0x20
 i.BT_att_set_stop_long_procedure
                0x10084d4c       0x20 Generated_Source\PSoC6\pdl\middleware\ble\lib\cy_ble_stack_gcc_host_ipc_cm4.a(att_api.o)
                0x10084d4c                BT_att_set_stop_long_procedure

i.att_bt_init   0x10084d6c       0x48
 i.att_bt_init  0x10084d6c       0x48 Generated_Source\PSoC6\pdl\middleware\ble\lib\cy_ble_stack_gcc_host_ipc_cm4.a(att_init.o)
                0x10084d6c                att_bt_init

i.att_bt_shutdown
                0x10084db4        0x2
 i.att_bt_shutdown
                0x10084db4        0x2 Generated_Source\PSoC6\pdl\middleware\ble\lib\cy_ble_stack_gcc_host_ipc_cm4.a(att_init.o)
                0x10084db4                att_bt_shutdown

i.att_get_heap_req
                0x10084db6        0x4
 i.att_get_heap_req
                0x10084db6        0x4 Generated_Source\PSoC6\pdl\middleware\ble\lib\cy_ble_stack_gcc_host_ipc_cm4.a(att_init.o)
                0x10084db6                att_get_heap_req

i.att_heap_deinit
                0x10084dbc        0xc
 i.att_heap_deinit
                0x10084dbc        0xc Generated_Source\PSoC6\pdl\middleware\ble\lib\cy_ble_stack_gcc_host_ipc_cm4.a(att_init.o)
                0x10084dbc                att_heap_deinit

i.att_heap_init
                0x10084dc8        0xc
 i.att_heap_init
                0x10084dc8        0xc Generated_Source\PSoC6\pdl\middleware\ble\lib\cy_ble_stack_gcc_host_ipc_cm4.a(att_init.o)
                0x10084dc8                att_heap_init

i.att_init      0x10084dd4        0x2
 i.att_init     0x10084dd4        0x2 Generated_Source\PSoC6\pdl\middleware\ble\lib\cy_ble_stack_gcc_host_ipc_cm4.a(att_init.o)
                0x10084dd4                att_init

i.att_access_state_handler
                0x10084dd8       0x18
 i.att_access_state_handler
                0x10084dd8       0x18 Generated_Source\PSoC6\pdl\middleware\ble\lib\cy_ble_stack_gcc_host_ipc_cm4.a(att_internal.o)
                0x10084dd8                att_access_state_handler

i.att_fsm_change_state
                0x10084df0       0xd8
 i.att_fsm_change_state
                0x10084df0       0xd8 Generated_Source\PSoC6\pdl\middleware\ble\lib\cy_ble_stack_gcc_host_ipc_cm4.a(att_internal.o)
                0x10084df0                att_fsm_change_state

i.att_fsm_set_state
                0x10084ec8       0x48
 i.att_fsm_set_state
                0x10084ec8       0x48 Generated_Source\PSoC6\pdl\middleware\ble\lib\cy_ble_stack_gcc_host_ipc_cm4.a(att_internal.o)
                0x10084ec8                att_fsm_set_state

i.att_get_fsm_event
                0x10084f10       0x1e
 i.att_get_fsm_event
                0x10084f10       0x1e Generated_Source\PSoC6\pdl\middleware\ble\lib\cy_ble_stack_gcc_host_ipc_cm4.a(att_internal.o)
                0x10084f10                att_get_fsm_event

i.att_l2cap_data_cb
                0x10084f30      0x158
 i.att_l2cap_data_cb
                0x10084f30      0x158 Generated_Source\PSoC6\pdl\middleware\ble\lib\cy_ble_stack_gcc_host_ipc_cm4.a(att_internal.o)
                0x10084f30                att_l2cap_data_cb

i.att_notify_application
                0x10085088       0x70
 i.att_notify_application
                0x10085088       0x70 Generated_Source\PSoC6\pdl\middleware\ble\lib\cy_ble_stack_gcc_host_ipc_cm4.a(att_internal.o)
                0x10085088                att_notify_application

i.att_pack_handle_list
                0x100850f8       0x4c
 i.att_pack_handle_list
                0x100850f8       0x4c Generated_Source\PSoC6\pdl\middleware\ble\lib\cy_ble_stack_gcc_host_ipc_cm4.a(att_internal.o)
                0x100850f8                att_pack_handle_list

i.att_pack_handle_value_pair
                0x10085144       0x48
 i.att_pack_handle_value_pair
                0x10085144       0x48 Generated_Source\PSoC6\pdl\middleware\ble\lib\cy_ble_stack_gcc_host_ipc_cm4.a(att_internal.o)
                0x10085144                att_pack_handle_value_pair

i.att_pack_value
                0x1008518c       0x44
 i.att_pack_value
                0x1008518c       0x44 Generated_Source\PSoC6\pdl\middleware\ble\lib\cy_ble_stack_gcc_host_ipc_cm4.a(att_internal.o)
                0x1008518c                att_pack_value

i.att_timer_cb  0x100851d0       0x6c
 i.att_timer_cb
                0x100851d0       0x6c Generated_Source\PSoC6\pdl\middleware\ble\lib\cy_ble_stack_gcc_host_ipc_cm4.a(att_internal.o)
                0x100851d0                att_timer_cb

i.att_transport_write
                0x1008523c       0x46
 i.att_transport_write
                0x1008523c       0x46 Generated_Source\PSoC6\pdl\middleware\ble\lib\cy_ble_stack_gcc_host_ipc_cm4.a(att_internal.o)
                0x1008523c                att_transport_write

i.BT_bluetooth_get_stack_init_state
                0x10085284       0x18
 i.BT_bluetooth_get_stack_init_state
                0x10085284       0x18 Generated_Source\PSoC6\pdl\middleware\ble\lib\cy_ble_stack_gcc_host_ipc_cm4.a(BT_common.o)
                0x10085284                BT_bluetooth_get_stack_init_state

i.BT_bluetooth_off
                0x1008529c       0x40
 i.BT_bluetooth_off
                0x1008529c       0x40 Generated_Source\PSoC6\pdl\middleware\ble\lib\cy_ble_stack_gcc_host_ipc_cm4.a(BT_common.o)
                0x1008529c                BT_bluetooth_off

i.BT_bluetooth_on
                0x100852dc       0x54
 i.BT_bluetooth_on
                0x100852dc       0x54 Generated_Source\PSoC6\pdl\middleware\ble\lib\cy_ble_stack_gcc_host_ipc_cm4.a(BT_common.o)
                0x100852dc                BT_bluetooth_on

i.BT_common_bluetooth_on_complete
                0x10085330       0x1c
 i.BT_common_bluetooth_on_complete
                0x10085330       0x1c Generated_Source\PSoC6\pdl\middleware\ble\lib\cy_ble_stack_gcc_host_ipc_cm4.a(BT_common.o)
                0x10085330                BT_common_bluetooth_on_complete

i.BT_ethermind_init
                0x1008534c       0x38
 i.BT_ethermind_init
                0x1008534c       0x38 Generated_Source\PSoC6\pdl\middleware\ble\lib\cy_ble_stack_gcc_host_ipc_cm4.a(BT_common.o)
                0x1008534c                BT_ethermind_init

i.CyBle_DeviceQueueHeapDeInit
                0x10085384       0x10
 i.CyBle_DeviceQueueHeapDeInit
                0x10085384       0x10 Generated_Source\PSoC6\pdl\middleware\ble\lib\cy_ble_stack_gcc_host_ipc_cm4.a(device_queue.o)
                0x10085384                CyBle_DeviceQueueHeapDeInit

i.CyBle_DeviceQueueHeapInit
                0x10085394       0x50
 i.CyBle_DeviceQueueHeapInit
                0x10085394       0x50 Generated_Source\PSoC6\pdl\middleware\ble\lib\cy_ble_stack_gcc_host_ipc_cm4.a(device_queue.o)
                0x10085394                CyBle_DeviceQueueHeapInit

i.CyBle_DeviceQueueHeapMemReq
                0x100853e4       0x46
 i.CyBle_DeviceQueueHeapMemReq
                0x100853e4       0x46 Generated_Source\PSoC6\pdl\middleware\ble\lib\cy_ble_stack_gcc_host_ipc_cm4.a(device_queue.o)
                0x100853e4                CyBle_DeviceQueueHeapMemReq

i.device_queue_alloc
                0x1008542c       0xe8
 i.device_queue_alloc
                0x1008542c       0xe8 Generated_Source\PSoC6\pdl\middleware\ble\lib\cy_ble_stack_gcc_host_ipc_cm4.a(device_queue.o)
                0x1008542c                device_queue_alloc

i.device_queue_bt_init
                0x10085514       0x3c
 i.device_queue_bt_init
                0x10085514       0x3c Generated_Source\PSoC6\pdl\middleware\ble\lib\cy_ble_stack_gcc_host_ipc_cm4.a(device_queue.o)
                0x10085514                device_queue_bt_init

i.device_queue_bt_shutdown
                0x10085550        0x4
 i.device_queue_bt_shutdown
                0x10085550        0x4 Generated_Source\PSoC6\pdl\middleware\ble\lib\cy_ble_stack_gcc_host_ipc_cm4.a(device_queue.o)
                0x10085550                device_queue_bt_shutdown

i.device_queue_extension_clear_rpa_addr
                0x10085554       0x64
 i.device_queue_extension_clear_rpa_addr
                0x10085554       0x64 Generated_Source\PSoC6\pdl\middleware\ble\lib\cy_ble_stack_gcc_host_ipc_cm4.a(device_queue.o)
                0x10085554                device_queue_extension_clear_rpa_addr

i.device_queue_extension_find_index
                0x100855b8       0x5c
 i.device_queue_extension_find_index
                0x100855b8       0x5c Generated_Source\PSoC6\pdl\middleware\ble\lib\cy_ble_stack_gcc_host_ipc_cm4.a(device_queue.o)
                0x100855b8                device_queue_extension_find_index

i.device_queue_extension_init
                0x10085614       0x14
 i.device_queue_extension_init
                0x10085614       0x14 Generated_Source\PSoC6\pdl\middleware\ble\lib\cy_ble_stack_gcc_host_ipc_cm4.a(device_queue.o)
                0x10085614                device_queue_extension_init

i.device_queue_extension_set_local_pub_priv_addr
                0x10085628       0x58
 i.device_queue_extension_set_local_pub_priv_addr
                0x10085628       0x58 Generated_Source\PSoC6\pdl\middleware\ble\lib\cy_ble_stack_gcc_host_ipc_cm4.a(device_queue.o)
                0x10085628                device_queue_extension_set_local_pub_priv_addr

i.device_queue_free
                0x10085680       0x6c
 i.device_queue_free
                0x10085680       0x6c Generated_Source\PSoC6\pdl\middleware\ble\lib\cy_ble_stack_gcc_host_ipc_cm4.a(device_queue.o)
                0x10085680                device_queue_free

i.device_queue_get_local_addr
                0x100856ec       0x4c
 i.device_queue_get_local_addr
                0x100856ec       0x4c Generated_Source\PSoC6\pdl\middleware\ble\lib\cy_ble_stack_gcc_host_ipc_cm4.a(device_queue.o)
                0x100856ec                device_queue_get_local_addr

i.device_queue_get_local_addr_used_for_conn_setup
                0x10085738       0xe4
 i.device_queue_get_local_addr_used_for_conn_setup
                0x10085738       0xe4 Generated_Source\PSoC6\pdl\middleware\ble\lib\cy_ble_stack_gcc_host_ipc_cm4.a(device_queue.o)
                0x10085738                device_queue_get_local_addr_used_for_conn_setup

i.device_queue_get_remote_addr
                0x1008581c       0x5c
 i.device_queue_get_remote_addr
                0x1008581c       0x5c Generated_Source\PSoC6\pdl\middleware\ble\lib\cy_ble_stack_gcc_host_ipc_cm4.a(device_queue.o)
                0x1008581c                device_queue_get_remote_addr

i.device_queue_get_remote_addr_used_for_conn_setup
                0x10085878       0x8c
 i.device_queue_get_remote_addr_used_for_conn_setup
                0x10085878       0x8c Generated_Source\PSoC6\pdl\middleware\ble\lib\cy_ble_stack_gcc_host_ipc_cm4.a(device_queue.o)
                0x10085878                device_queue_get_remote_addr_used_for_conn_setup

i.device_queue_init
                0x10085904       0x54
 i.device_queue_init
                0x10085904       0x54 Generated_Source\PSoC6\pdl\middleware\ble\lib\cy_ble_stack_gcc_host_ipc_cm4.a(device_queue.o)
                0x10085904                device_queue_init

i.device_queue_search_remote_addr
                0x10085958       0x9c
 i.device_queue_search_remote_addr
                0x10085958       0x9c Generated_Source\PSoC6\pdl\middleware\ble\lib\cy_ble_stack_gcc_host_ipc_cm4.a(device_queue.o)
                0x10085958                device_queue_search_remote_addr

i.device_queue_set_curr_addr_type
                0x100859f4       0x20
 i.device_queue_set_curr_addr_type
                0x100859f4       0x20 Generated_Source\PSoC6\pdl\middleware\ble\lib\cy_ble_stack_gcc_host_ipc_cm4.a(device_queue.o)
                0x100859f4                device_queue_set_curr_addr_type

i.device_queue_set_remote_addr
                0x10085a14       0x4c
 i.device_queue_set_remote_addr
                0x10085a14       0x4c Generated_Source\PSoC6\pdl\middleware\ble\lib\cy_ble_stack_gcc_host_ipc_cm4.a(device_queue.o)
                0x10085a14                device_queue_set_remote_addr

i.CyBle_L2capCB
                0x10085a60       0xa8
 i.CyBle_L2capCB
                0x10085a60       0xa8 Generated_Source\PSoC6\pdl\middleware\ble\lib\cy_ble_stack_gcc_host_ipc_cm4.a(l2cap.o)
                0x10085a60                CyBle_L2capCB

i.CyBle_L2capFreeBuffers
                0x10085b08       0x44
 i.CyBle_L2capFreeBuffers
                0x10085b08       0x44 Generated_Source\PSoC6\pdl\middleware\ble\lib\cy_ble_stack_gcc_host_ipc_cm4.a(l2cap.o)
                0x10085b08                CyBle_L2capFreeBuffers

i.CyBle_L2capHeapDeInit
                0x10085b4c       0x1c
 i.CyBle_L2capHeapDeInit
                0x10085b4c       0x1c Generated_Source\PSoC6\pdl\middleware\ble\lib\cy_ble_stack_gcc_host_ipc_cm4.a(l2cap.o)
                0x10085b4c                CyBle_L2capHeapDeInit

i.CyBle_L2capHeapInit
                0x10085b68       0x6c
 i.CyBle_L2capHeapInit
                0x10085b68       0x6c Generated_Source\PSoC6\pdl\middleware\ble\lib\cy_ble_stack_gcc_host_ipc_cm4.a(l2cap.o)
                0x10085b68                CyBle_L2capHeapInit

i.CyBle_L2capHeapReq
                0x10085bd4       0x14
 i.CyBle_L2capHeapReq
                0x10085bd4       0x14 Generated_Source\PSoC6\pdl\middleware\ble\lib\cy_ble_stack_gcc_host_ipc_cm4.a(l2cap.o)
                0x10085bd4                CyBle_L2capHeapReq

i.CyBle_L2capInit
                0x10085be8      0x1a8
 i.CyBle_L2capInit
                0x10085be8      0x1a8 Generated_Source\PSoC6\pdl\middleware\ble\lib\cy_ble_stack_gcc_host_ipc_cm4.a(l2cap.o)
                0x10085be8                CyBle_L2capInit

i.CyBle_L2capMemsetBuffers
                0x10085d90       0x70
 i.CyBle_L2capMemsetBuffers
                0x10085d90       0x70 Generated_Source\PSoC6\pdl\middleware\ble\lib\cy_ble_stack_gcc_host_ipc_cm4.a(l2cap.o)
                0x10085d90                CyBle_L2capMemsetBuffers

i.CyBle_L2capShutdown
                0x10085e00        0xe
 i.CyBle_L2capShutdown
                0x10085e00        0xe Generated_Source\PSoC6\pdl\middleware\ble\lib\cy_ble_stack_gcc_host_ipc_cm4.a(l2cap.o)
                0x10085e00                CyBle_L2capShutdown

i.CyBle_L2capTxQueueFlowCb
                0x10085e0e       0x18
 i.CyBle_L2capTxQueueFlowCb
                0x10085e0e       0x18 Generated_Source\PSoC6\pdl\middleware\ble\lib\cy_ble_stack_gcc_host_ipc_cm4.a(l2cap.o)
                0x10085e0e                CyBle_L2capTxQueueFlowCb

i.l2cap_disconnect_cid
                0x10085e28       0xb4
 i.l2cap_disconnect_cid
                0x10085e28       0xb4 Generated_Source\PSoC6\pdl\middleware\ble\lib\cy_ble_stack_gcc_host_ipc_cm4.a(l2cap_disconnect.o)
                0x10085e28                l2cap_disconnect_cid

i.l2cap_disconnect_req
                0x10085edc       0xd4
 i.l2cap_disconnect_req
                0x10085edc       0xd4 Generated_Source\PSoC6\pdl\middleware\ble\lib\cy_ble_stack_gcc_host_ipc_cm4.a(l2cap_disconnect.o)
                0x10085edc                l2cap_disconnect_req

i.l2cap_disconnect_rsp
                0x10085fb0       0x9c
 i.l2cap_disconnect_rsp
                0x10085fb0       0x9c Generated_Source\PSoC6\pdl\middleware\ble\lib\cy_ble_stack_gcc_host_ipc_cm4.a(l2cap_disconnect.o)
                0x10085fb0                l2cap_disconnect_rsp

i.l2cap_lp_disconnect_ind
                0x1008604c      0x120
 i.l2cap_lp_disconnect_ind
                0x1008604c      0x120 Generated_Source\PSoC6\pdl\middleware\ble\lib\cy_ble_stack_gcc_host_ipc_cm4.a(l2cap_disconnect.o)
                0x1008604c                l2cap_lp_disconnect_ind

i.l2cap_bt_init
                0x1008616c       0xdc
 i.l2cap_bt_init
                0x1008616c       0xdc Generated_Source\PSoC6\pdl\middleware\ble\lib\cy_ble_stack_gcc_host_ipc_cm4.a(l2cap_init.o)
                0x1008616c                l2cap_bt_init

i.l2cap_bt_shutdown
                0x10086248       0x34
 i.l2cap_bt_shutdown
                0x10086248       0x34 Generated_Source\PSoC6\pdl\middleware\ble\lib\cy_ble_stack_gcc_host_ipc_cm4.a(l2cap_init.o)
                0x10086248                l2cap_bt_shutdown

i.l2cap_init    0x1008627c       0x2c
 i.l2cap_init   0x1008627c       0x2c Generated_Source\PSoC6\pdl\middleware\ble\lib\cy_ble_stack_gcc_host_ipc_cm4.a(l2cap_init.o)
                0x1008627c                l2cap_init

i.l2cap_register_tx_queue_flow_cb
                0x100862a8       0x14
 i.l2cap_register_tx_queue_flow_cb
                0x100862a8       0x14 Generated_Source\PSoC6\pdl\middleware\ble\lib\cy_ble_stack_gcc_host_ipc_cm4.a(l2cap_init.o)
                0x100862a8                l2cap_register_tx_queue_flow_cb

i.l2cap_allocate_buffer_element
                0x100862bc       0x90
 i.l2cap_allocate_buffer_element
                0x100862bc       0x90 Generated_Source\PSoC6\pdl\middleware\ble\lib\cy_ble_stack_gcc_host_ipc_cm4.a(l2cap_utils.o)
                0x100862bc                l2cap_allocate_buffer_element

i.l2cap_buffer_dequeue
                0x1008634c       0xd8
 i.l2cap_buffer_dequeue
                0x1008634c       0xd8 Generated_Source\PSoC6\pdl\middleware\ble\lib\cy_ble_stack_gcc_host_ipc_cm4.a(l2cap_utils.o)
                0x1008634c                l2cap_buffer_dequeue

i.l2cap_buffer_enqueue
                0x10086424       0x5c
 i.l2cap_buffer_enqueue
                0x10086424       0x5c Generated_Source\PSoC6\pdl\middleware\ble\lib\cy_ble_stack_gcc_host_ipc_cm4.a(l2cap_utils.o)
                0x10086424                l2cap_buffer_enqueue

i.l2cap_free_buffer_element
                0x10086480      0x114
 i.l2cap_free_buffer_element
                0x10086480      0x114 Generated_Source\PSoC6\pdl\middleware\ble\lib\cy_ble_stack_gcc_host_ipc_cm4.a(l2cap_utils.o)
                0x10086480                l2cap_free_buffer_element

i.l2cap_get_tx_queue_flow_state
                0x10086594       0x2c
 i.l2cap_get_tx_queue_flow_state
                0x10086594       0x2c Generated_Source\PSoC6\pdl\middleware\ble\lib\cy_ble_stack_gcc_host_ipc_cm4.a(l2cap_utils.o)
                0x10086594                l2cap_get_tx_queue_flow_state

i.l2cap_is_handle_in_sigch_list
                0x100865c0       0x38
 i.l2cap_is_handle_in_sigch_list
                0x100865c0       0x38 Generated_Source\PSoC6\pdl\middleware\ble\lib\cy_ble_stack_gcc_host_ipc_cm4.a(l2cap_utils.o)
                0x100865c0                l2cap_is_handle_in_sigch_list

i.l2cap_is_in_sigch_list
                0x100865f8       0x44
 i.l2cap_is_in_sigch_list
                0x100865f8       0x44 Generated_Source\PSoC6\pdl\middleware\ble\lib\cy_ble_stack_gcc_host_ipc_cm4.a(l2cap_utils.o)
                0x100865f8                l2cap_is_in_sigch_list

i.l2cap_is_queue_free
                0x1008663c       0x3c
 i.l2cap_is_queue_free
                0x1008663c       0x3c Generated_Source\PSoC6\pdl\middleware\ble\lib\cy_ble_stack_gcc_host_ipc_cm4.a(l2cap_utils.o)
                0x1008663c                l2cap_is_queue_free

i.l2cap_tx_queue_flow_control
                0x10086678       0x60
 i.l2cap_tx_queue_flow_control
                0x10086678       0x60 Generated_Source\PSoC6\pdl\middleware\ble\lib\cy_ble_stack_gcc_host_ipc_cm4.a(l2cap_utils.o)
                0x10086678                l2cap_tx_queue_flow_control

i.l2cap_data_transmitter_bh
                0x100866d8       0xdc
 i.l2cap_data_transmitter_bh
                0x100866d8       0xdc Generated_Source\PSoC6\pdl\middleware\ble\lib\cy_ble_stack_gcc_host_ipc_cm4.a(l2cap_lmp.o)
                0x100866d8                l2cap_data_transmitter_bh

i.l2cap_frame_tx_pdu
                0x100867b4       0x9c
 i.l2cap_frame_tx_pdu
                0x100867b4       0x9c Generated_Source\PSoC6\pdl\middleware\ble\lib\cy_ble_stack_gcc_host_ipc_cm4.a(l2cap_lmp.o)
                0x100867b4                l2cap_frame_tx_pdu

i.l2cap_lp_data_write
                0x10086850      0x138
 i.l2cap_lp_data_write
                0x10086850      0x138 Generated_Source\PSoC6\pdl\middleware\ble\lib\cy_ble_stack_gcc_host_ipc_cm4.a(l2cap_lmp.o)
                0x10086850                l2cap_lp_data_write

i.l2cap_lp_le_buffer_size
                0x10086988       0x48
 i.l2cap_lp_le_buffer_size
                0x10086988       0x48 Generated_Source\PSoC6\pdl\middleware\ble\lib\cy_ble_stack_gcc_host_ipc_cm4.a(l2cap_lmp.o)
                0x10086988                l2cap_lp_le_buffer_size

i.l2cap_lp_num_completed_packets
                0x100869d0       0x64
 i.l2cap_lp_num_completed_packets
                0x100869d0       0x64 Generated_Source\PSoC6\pdl\middleware\ble\lib\cy_ble_stack_gcc_host_ipc_cm4.a(l2cap_lmp.o)
                0x100869d0                l2cap_lp_num_completed_packets

i.l2cap_schedule_data_tx
                0x10086a34       0x34
 i.l2cap_schedule_data_tx
                0x10086a34       0x34 Generated_Source\PSoC6\pdl\middleware\ble\lib\cy_ble_stack_gcc_host_ipc_cm4.a(l2cap_lmp.o)
                0x10086a34                l2cap_schedule_data_tx

i.BT_l2cap_register_le_event_cb
                0x10086a68       0x14
 i.BT_l2cap_register_le_event_cb
                0x10086a68       0x14 Generated_Source\PSoC6\pdl\middleware\ble\lib\cy_ble_stack_gcc_host_ipc_cm4.a(l2cap_le.o)
                0x10086a68                BT_l2cap_register_le_event_cb

i.l2cap_fixed_channel_data_write
                0x10086a7c       0x6c
 i.l2cap_fixed_channel_data_write
                0x10086a7c       0x6c Generated_Source\PSoC6\pdl\middleware\ble\lib\cy_ble_stack_gcc_host_ipc_cm4.a(l2cap_fixed_channel.o)
                0x10086a7c                l2cap_fixed_channel_data_write

i.l2cap_register_fixed_channel_cb
                0x10086ae8       0x24
 i.l2cap_register_fixed_channel_cb
                0x10086ae8       0x24 Generated_Source\PSoC6\pdl\middleware\ble\lib\cy_ble_stack_gcc_host_ipc_cm4.a(l2cap_fixed_channel.o)
                0x10086ae8                l2cap_register_fixed_channel_cb

i.l2cap_update_fixed_channel_mtu
                0x10086b0c       0x38
 i.l2cap_update_fixed_channel_mtu
                0x10086b0c       0x38 Generated_Source\PSoC6\pdl\middleware\ble\lib\cy_ble_stack_gcc_host_ipc_cm4.a(l2cap_fixed_channel.o)
                0x10086b0c                l2cap_update_fixed_channel_mtu

i.l2cap_allocate_channel
                0x10086b44       0x40
 i.l2cap_allocate_channel
                0x10086b44       0x40 Generated_Source\PSoC6\pdl\middleware\ble\lib\cy_ble_stack_gcc_host_ipc_cm4.a(l2cap_channels.o)
                0x10086b44                l2cap_allocate_channel

i.l2cap_fixed_mode_rx_data_handler
                0x10086b84       0x24
 i.l2cap_fixed_mode_rx_data_handler
                0x10086b84       0x24 Generated_Source\PSoC6\pdl\middleware\ble\lib\cy_ble_stack_gcc_host_ipc_cm4.a(l2cap_channels.o)
                0x10086b84                l2cap_fixed_mode_rx_data_handler

i.l2cap_free_channel
                0x10086ba8      0x114
 i.l2cap_free_channel
                0x10086ba8      0x114 Generated_Source\PSoC6\pdl\middleware\ble\lib\cy_ble_stack_gcc_host_ipc_cm4.a(l2cap_channels.o)
                0x10086ba8                l2cap_free_channel

i.l2cap_search_local_channel
                0x10086cbc       0x50
 i.l2cap_search_local_channel
                0x10086cbc       0x50 Generated_Source\PSoC6\pdl\middleware\ble\lib\cy_ble_stack_gcc_host_ipc_cm4.a(l2cap_channels.o)
                0x10086cbc                l2cap_search_local_channel

i.l2cap_cbfc_connect_req
                0x10086d0c      0x204
 i.l2cap_cbfc_connect_req